Archive member included to satisfy reference by file (symbol)

C:/ST/STM32CubeIDE_1.17.0/STM32CubeIDE/plugins/com.st.stm32cube.ide.mcu.externaltools.gnu-tools-for-stm32.12.3.rel1.win32_1.1.0.202410251130/tools/bin/../lib/gcc/arm-none-eabi/12.3.1/../../../../arm-none-eabi/lib/thumb/v7e-m+fp/hard\libc_nano.a(libc_a-exit.o)
                              C:/ST/STM32CubeIDE_1.17.0/STM32CubeIDE/plugins/com.st.stm32cube.ide.mcu.externaltools.gnu-tools-for-stm32.12.3.rel1.win32_1.1.0.202410251130/tools/bin/../lib/gcc/arm-none-eabi/12.3.1/../../../../arm-none-eabi/lib/thumb/v7e-m+fp/hard/crt0.o (exit)
C:/ST/STM32CubeIDE_1.17.0/STM32CubeIDE/plugins/com.st.stm32cube.ide.mcu.externaltools.gnu-tools-for-stm32.12.3.rel1.win32_1.1.0.202410251130/tools/bin/../lib/gcc/arm-none-eabi/12.3.1/../../../../arm-none-eabi/lib/thumb/v7e-m+fp/hard\libc_nano.a(libc_a-findfp.o)
                              C:/ST/STM32CubeIDE_1.17.0/STM32CubeIDE/plugins/com.st.stm32cube.ide.mcu.externaltools.gnu-tools-for-stm32.12.3.rel1.win32_1.1.0.202410251130/tools/bin/../lib/gcc/arm-none-eabi/12.3.1/../../../../arm-none-eabi/lib/thumb/v7e-m+fp/hard\libc_nano.a(libc_a-exit.o) (__stdio_exit_handler)
C:/ST/STM32CubeIDE_1.17.0/STM32CubeIDE/plugins/com.st.stm32cube.ide.mcu.externaltools.gnu-tools-for-stm32.12.3.rel1.win32_1.1.0.202410251130/tools/bin/../lib/gcc/arm-none-eabi/12.3.1/../../../../arm-none-eabi/lib/thumb/v7e-m+fp/hard\libc_nano.a(libc_a-fwalk.o)
                              C:/ST/STM32CubeIDE_1.17.0/STM32CubeIDE/plugins/com.st.stm32cube.ide.mcu.externaltools.gnu-tools-for-stm32.12.3.rel1.win32_1.1.0.202410251130/tools/bin/../lib/gcc/arm-none-eabi/12.3.1/../../../../arm-none-eabi/lib/thumb/v7e-m+fp/hard\libc_nano.a(libc_a-findfp.o) (_fwalk_sglue)
C:/ST/STM32CubeIDE_1.17.0/STM32CubeIDE/plugins/com.st.stm32cube.ide.mcu.externaltools.gnu-tools-for-stm32.12.3.rel1.win32_1.1.0.202410251130/tools/bin/../lib/gcc/arm-none-eabi/12.3.1/../../../../arm-none-eabi/lib/thumb/v7e-m+fp/hard\libc_nano.a(libc_a-stdio.o)
                              C:/ST/STM32CubeIDE_1.17.0/STM32CubeIDE/plugins/com.st.stm32cube.ide.mcu.externaltools.gnu-tools-for-stm32.12.3.rel1.win32_1.1.0.202410251130/tools/bin/../lib/gcc/arm-none-eabi/12.3.1/../../../../arm-none-eabi/lib/thumb/v7e-m+fp/hard\libc_nano.a(libc_a-findfp.o) (__sread)
C:/ST/STM32CubeIDE_1.17.0/STM32CubeIDE/plugins/com.st.stm32cube.ide.mcu.externaltools.gnu-tools-for-stm32.12.3.rel1.win32_1.1.0.202410251130/tools/bin/../lib/gcc/arm-none-eabi/12.3.1/../../../../arm-none-eabi/lib/thumb/v7e-m+fp/hard\libc_nano.a(libc_a-memset.o)
                              C:/ST/STM32CubeIDE_1.17.0/STM32CubeIDE/plugins/com.st.stm32cube.ide.mcu.externaltools.gnu-tools-for-stm32.12.3.rel1.win32_1.1.0.202410251130/tools/bin/../lib/gcc/arm-none-eabi/12.3.1/../../../../arm-none-eabi/lib/thumb/v7e-m+fp/hard/crt0.o (memset)
C:/ST/STM32CubeIDE_1.17.0/STM32CubeIDE/plugins/com.st.stm32cube.ide.mcu.externaltools.gnu-tools-for-stm32.12.3.rel1.win32_1.1.0.202410251130/tools/bin/../lib/gcc/arm-none-eabi/12.3.1/../../../../arm-none-eabi/lib/thumb/v7e-m+fp/hard\libc_nano.a(libc_a-closer.o)
                              C:/ST/STM32CubeIDE_1.17.0/STM32CubeIDE/plugins/com.st.stm32cube.ide.mcu.externaltools.gnu-tools-for-stm32.12.3.rel1.win32_1.1.0.202410251130/tools/bin/../lib/gcc/arm-none-eabi/12.3.1/../../../../arm-none-eabi/lib/thumb/v7e-m+fp/hard\libc_nano.a(libc_a-stdio.o) (_close_r)
C:/ST/STM32CubeIDE_1.17.0/STM32CubeIDE/plugins/com.st.stm32cube.ide.mcu.externaltools.gnu-tools-for-stm32.12.3.rel1.win32_1.1.0.202410251130/tools/bin/../lib/gcc/arm-none-eabi/12.3.1/../../../../arm-none-eabi/lib/thumb/v7e-m+fp/hard\libc_nano.a(libc_a-reent.o)
                              C:/ST/STM32CubeIDE_1.17.0/STM32CubeIDE/plugins/com.st.stm32cube.ide.mcu.externaltools.gnu-tools-for-stm32.12.3.rel1.win32_1.1.0.202410251130/tools/bin/../lib/gcc/arm-none-eabi/12.3.1/../../../../arm-none-eabi/lib/thumb/v7e-m+fp/hard\libc_nano.a(libc_a-closer.o) (errno)
C:/ST/STM32CubeIDE_1.17.0/STM32CubeIDE/plugins/com.st.stm32cube.ide.mcu.externaltools.gnu-tools-for-stm32.12.3.rel1.win32_1.1.0.202410251130/tools/bin/../lib/gcc/arm-none-eabi/12.3.1/../../../../arm-none-eabi/lib/thumb/v7e-m+fp/hard\libc_nano.a(libc_a-impure.o)
                              C:/ST/STM32CubeIDE_1.17.0/STM32CubeIDE/plugins/com.st.stm32cube.ide.mcu.externaltools.gnu-tools-for-stm32.12.3.rel1.win32_1.1.0.202410251130/tools/bin/../lib/gcc/arm-none-eabi/12.3.1/../../../../arm-none-eabi/lib/thumb/v7e-m+fp/hard\libc_nano.a(libc_a-reent.o) (_impure_ptr)
C:/ST/STM32CubeIDE_1.17.0/STM32CubeIDE/plugins/com.st.stm32cube.ide.mcu.externaltools.gnu-tools-for-stm32.12.3.rel1.win32_1.1.0.202410251130/tools/bin/../lib/gcc/arm-none-eabi/12.3.1/../../../../arm-none-eabi/lib/thumb/v7e-m+fp/hard\libc_nano.a(libc_a-lseekr.o)
[...]
Memory Configuration

Name             Origin             Length             Attributes
RAM              0x20000000         0x00010000         xrw
FLASH            0x08000000         0x00040000         xr
*default*        0x00000000         0xffffffff

Linker script and memory map

LOAD C:/ST/STM32CubeIDE_1.17.0/STM32CubeIDE/plugins/com.st.stm32cube.ide.mcu.externaltools.gnu-tools-for-stm32.12.3.rel1.win32_1.1.0.202410251130/tools/bin/../lib/gcc/arm-none-eabi/12.3.1/thumb/v7e-m+fp/hard/crti.o
LOAD C:/ST/STM32CubeIDE_1.17.0/STM32CubeIDE/plugins/com.st.stm32cube.ide.mcu.externaltools.gnu-tools-for-stm32.12.3.rel1.win32_1.1.0.202410251130/tools/bin/../lib/gcc/arm-none-eabi/12.3.1/thumb/v7e-m+fp/hard/crtbegin.o
LOAD C:/ST/STM32CubeIDE_1.17.0/STM32CubeIDE/plugins/com.st.stm32cube.ide.mcu.externaltools.gnu-tools-for-stm32.12.3.rel1.win32_1.1.0.202410251130/tools/bin/../lib/gcc/arm-none-eabi/12.3.1/../../../../arm-none-eabi/lib/thumb/v7e-m+fp/hard/crt0.o
LOAD ./Core/Src/main.o
LOAD ./Core/Src/stm32f4xx_hal_msp.o
LOAD ./Core/Src/stm32f4xx_hal_timebase_tim.o
LOAD ./Core/Src/stm32f4xx_it.o
LOAD ./Core/Src/syscalls.o
LOAD ./Core/Src/system_stm32f4xx.o
LOAD ./Core/Startup/startup_stm32f401vctx.o
LOAD ./Drivers/STM32F4xx_HAL_Driver/Src/stm32f4xx_hal.o
LOAD ./Drivers/STM32F4xx_HAL_Driver/Src/stm32f4xx_hal_cortex.o
LOAD ./Drivers/STM32F4xx_HAL_Driver/Src/stm32f4xx_hal_dma.o
LOAD ./Drivers/STM32F4xx_HAL_Driver/Src/stm32f4xx_hal_dma_ex.o
LOAD ./Drivers/STM32F4xx_HAL_Driver/Src/stm32f4xx_hal_exti.o
LOAD ./Drivers/STM32F4xx_HAL_Driver/Src/stm32f4xx_hal_flash.o
LOAD ./Drivers/STM32F4xx_HAL_Driver/Src/stm32f4xx_hal_flash_ex.o
LOAD ./Drivers/STM32F4xx_HAL_Driver/Src/stm32f4xx_hal_flash_ramfunc.o
LOAD ./Drivers/STM32F4xx_HAL_Driver/Src/stm32f4xx_hal_gpio.o
LOAD ./Drivers/STM32F4xx_HAL_Driver/Src/stm32f4xx_hal_hcd.o
LOAD ./Drivers/STM32F4xx_HAL_Driver/Src/stm32f4xx_hal_i2c.o
LOAD ./Drivers/STM32F4xx_HAL_Driver/Src/stm32f4xx_hal_i2c_ex.o
LOAD ./Drivers/STM32F4xx_HAL_Driver/Src/stm32f4xx_hal_i2s.o
LOAD ./Drivers/STM32F4xx_HAL_Driver/Src/stm32f4xx_hal_i2s_ex.o
LOAD ./Drivers/STM32F4xx_HAL_Driver/Src/stm32f4xx_hal_pwr.o
LOAD ./Drivers/STM32F4xx_HAL_Driver/Src/stm32f4xx_hal_pwr_ex.o
LOAD ./Drivers/STM32F4xx_HAL_Driver/Src/stm32f4xx_hal_rcc.o
LOAD ./Drivers/STM32F4xx_HAL_Driver/Src/stm32f4xx_hal_rcc_ex.o
LOAD ./Drivers/STM32F4xx_HAL_Driver/Src/stm32f4xx_hal_spi.o
LOAD ./Drivers/STM32F4xx_HAL_Driver/Src/stm32f4xx_hal_tim.o
LOAD ./Drivers/STM32F4xx_HAL_Driver/Src/stm32f4xx_hal_tim_ex.o
LOAD ./Drivers/STM32F4xx_HAL_Driver/Src/stm32f4xx_ll_usb.o
LOAD ./third_party/FreeRTOS/croutine.o
LOAD ./third_party/FreeRTOS/event_groups.o
LOAD ./third_party/FreeRTOS/list.o
LOAD ./third_party/FreeRTOS/queue.o
LOAD ./third_party/FreeRTOS/stream_buffer.o
LOAD ./third_party/FreeRTOS/tasks.o
LOAD ./third_party/FreeRTOS/timers.o
LOAD ./third_party/FreeRTOS/portable/GCC/ARM_CM4F/port.o
LOAD ./third_party/FreeRTOS/portable/MemMang/heap_4.o
START GROUP
LOAD C:/ST/STM32CubeIDE_1.17.0/STM32CubeIDE/plugins/com.st.stm32cube.ide.mcu.externaltools.gnu-tools-for-stm32.12.3.rel1.win32_1.1.0.202410251130/tools/bin/../lib/gcc/arm-none-eabi/12.3.1/../../../../arm-none-eabi/lib/thumb/v7e-m+fp/hard\libc_nano.a
LOAD C:/ST/STM32CubeIDE_1.17.0/STM32CubeIDE/plugins/com.st.stm32cube.ide.mcu.externaltools.gnu-tools-for-stm32.12.3.rel1.win32_1.1.0.202410251130/tools/bin/../lib/gcc/arm-none-eabi/12.3.1/../../../../arm-none-eabi/lib/thumb/v7e-m+fp/hard\libm.a
END GROUP
START GROUP
LOAD C:/ST/STM32CubeIDE_1.17.0/STM32CubeIDE/plugins/com.st.stm32cube.ide.mcu.externaltools.gnu-tools-for-stm32.12.3.rel1.win32_1.1.0.202410251130/tools/bin/../lib/gcc/arm-none-eabi/12.3.1/thumb/v7e-m+fp/hard\libgcc.a
LOAD C:/ST/STM32CubeIDE_1.17.0/STM32CubeIDE/plugins/com.st.stm32cube.ide.mcu.externaltools.gnu-tools-for-stm32.12.3.rel1.win32_1.1.0.202410251130/tools/bin/../lib/gcc/arm-none-eabi/12.3.1/../../../../arm-none-eabi/lib/thumb/v7e-m+fp/hard\libc_nano.a
END GROUP
START GROUP
LOAD C:/ST/STM32CubeIDE_1.17.0/STM32CubeIDE/plugins/com.st.stm32cube.ide.mcu.externaltools.gnu-tools-for-stm32.12.3.rel1.win32_1.1.0.202410251130/tools/bin/../lib/gcc/arm-none-eabi/12.3.1/thumb/v7e-m+fp/hard\libgcc.a
LOAD C:/ST/STM32CubeIDE_1.17.0/STM32CubeIDE/plugins/com.st.stm32cube.ide.mcu.externaltools.gnu-tools-for-stm32.12.3.rel1.win32_1.1.0.202410251130/tools/bin/../lib/gcc/arm-none-eabi/12.3.1/../../../../arm-none-eabi/lib/thumb/v7e-m+fp/hard\libc_nano.a
LOAD C:/ST/STM32CubeIDE_1.17.0/STM32CubeIDE/plugins/com.st.stm32cube.ide.mcu.externaltools.gnu-tools-for-stm32.12.3.rel1.win32_1.1.0.202410251130/tools/bin/../lib/gcc/arm-none-eabi/12.3.1/../../../../arm-none-eabi/lib/thumb/v7e-m+fp/hard\libnosys.a
END GROUP
START GROUP
LOAD C:/ST/STM32CubeIDE_1.17.0/STM32CubeIDE/plugins/com.st.stm32cube.ide.mcu.externaltools.gnu-tools-for-stm32.12.3.rel1.win32_1.1.0.202410251130/tools/bin/../lib/gcc/arm-none-eabi/12.3.1/thumb/v7e-m+fp/hard\libgcc.a
LOAD C:/ST/STM32CubeIDE_1.17.0/STM32CubeIDE/plugins/com.st.stm32cube.ide.mcu.externaltools.gnu-tools-for-stm32.12.3.rel1.win32_1.1.0.202410251130/tools/bin/../lib/gcc/arm-none-eabi/12.3.1/../../../../arm-none-eabi/lib/thumb/v7e-m+fp/hard\libc_nano.a
LOAD C:/ST/STM32CubeIDE_1.17.0/STM32CubeIDE/plugins/com.st.stm32cube.ide.mcu.externaltools.gnu-tools-for-stm32.12.3.rel1.win32_1.1.0.202410251130/tools/bin/../lib/gcc/arm-none-eabi/12.3.1/../../../../arm-none-eabi/lib/thumb/v7e-m+fp/hard\libnosys.a
END GROUP
LOAD C:/ST/STM32CubeIDE_1.17.0/STM32CubeIDE/plugins/com.st.stm32cube.ide.mcu.externaltools.gnu-tools-for-stm32.12.3.rel1.win32_1.1.0.202410251130/tools/bin/../lib/gcc/arm-none-eabi/12.3.1/thumb/v7e-m+fp/hard/crtend.o
LOAD C:/ST/STM32CubeIDE_1.17.0/STM32CubeIDE/plugins/com.st.stm32cube.ide.mcu.externaltools.gnu-tools-for-stm32.12.3.rel1.win32_1.1.0.202410251130/tools/bin/../lib/gcc/arm-none-eabi/12.3.1/thumb/v7e-m+fp/hard/crtn.o
                0x20010000                        _estack = (ORIGIN (RAM) + LENGTH (RAM))
                0x00000200                        _Min_Heap_Size = 0x200
                0x00000400                        _Min_Stack_Size = 0x400

.isr_vector     0x08000000      0x194
                0x08000000                        . = ALIGN (0x4)
 *(.isr_vector)
 .isr_vector    0x08000000      0x194 ./Core/Startup/startup_stm32f401vctx.o
                0x08000000                g_pfnVectors
                0x08000194                        . = ALIGN (0x4)

.text           0x080001a0     0x64c0
                0x080001a0                        . = ALIGN (0x4)
 *(.text)
 .text          0x080001a0       0x40 C:/ST/STM32CubeIDE_1.17.0/STM32CubeIDE/plugins/com.st.stm32cube.ide.mcu.externaltools.gnu-tools-for-stm32.12.3.rel1.win32_1.1.0.202410251130/tools/bin/../lib/gcc/arm-none-eabi/12.3.1/thumb/v7e-m+fp/hard/crtbegin.o
 .text          0x080001e0       0x30 C:/ST/STM32CubeIDE_1.17.0/STM32CubeIDE/plugins/com.st.stm32cube.ide.mcu.externaltools.gnu-tools-for-stm32.12.3.rel1.win32_1.1.0.202410251130/tools/bin/../lib/gcc/arm-none-eabi/12.3.1/thumb/v7e-m+fp/hard\libgcc.a(_aeabi_uldivmod.o)
                0x080001e0                __aeabi_uldivmod
 .text          0x08000210      0x2bc C:/ST/STM32CubeIDE_1.17.0/STM32CubeIDE/plugins/com.st.stm32cube.ide.mcu.externaltools.gnu-tools-for-stm32.12.3.rel1.win32_1.1.0.202410251130/tools/bin/../lib/gcc/arm-none-eabi/12.3.1/thumb/v7e-m+fp/hard\libgcc.a(_udivmoddi4.o)
                0x08000210                __udivmoddi4
 .text          0x080004cc        0x4 C:/ST/STM32CubeIDE_1.17.0/STM32CubeIDE/plugins/com.st.stm32cube.ide.mcu.externaltools.gnu-tools-for-stm32.12.3.rel1.win32_1.1.0.202410251130/tools/bin/../lib/gcc/arm-none-eabi/12.3.1/thumb/v7e-m+fp/hard\libgcc.a(_dvmd_tls.o)
                0x080004cc                __aeabi_idiv0
                0x080004cc                __aeabi_ldiv0
 *(.text*)
 .text.main     0x080004d0       0xa4 ./Core/Src/main.o
                0x080004d0                main
 .text.SystemClock_Config
                0x08000574       0xd8 ./Core/Src/main.o
                0x08000574                SystemClock_Config
 .text.PeriphCommonClock_Config
                0x0800064c       0x3a ./Core/Src/main.o
                0x0800064c                PeriphCommonClock_Config
 *fill*         0x08000686        0x2 
 .text.MX_I2C1_Init
                0x08000688       0x5c ./Core/Src/main.o
 .text.MX_I2S2_Init
                0x080006e4       0x5c ./Core/Src/main.o
 .text.MX_I2S3_Init
                0x08000740       0x60 ./Core/Src/main.o
 .text.MX_SPI1_Init
                0x080007a0       0x6c ./Core/Src/main.o
 .text.MX_USB_OTG_FS_HCD_Init
                0x0800080c       0x44 ./Core/Src/main.o
 .text.MX_GPIO_Init
                0x08000850      0x1b4 ./Core/Src/main.o
 .text.task1_hadler
                0x08000a04        0xe ./Core/Src/main.o
                0x08000a04                task1_hadler
 .text.task2_hadler
                0x08000a12        0xe ./Core/Src/main.o
                0x08000a12                task2_hadler
 .text.HAL_TIM_PeriodElapsedCallback
                0x08000a20       0x24 ./Core/Src/main.o
                0x08000a20                HAL_TIM_PeriodElapsedCallback
 .text.Error_Handler
                0x08000a44        0xc ./Core/Src/main.o
                0x08000a44                Error_Handler
 .text.HAL_MspInit
                0x08000a50       0x50 ./Core/Src/stm32f4xx_hal_msp.o
                0x08000a50                HAL_MspInit
 .text.HAL_I2C_MspInit
                0x08000aa0       0x90 ./Core/Src/stm32f4xx_hal_msp.o
                0x08000aa0                HAL_I2C_MspInit
 .text.HAL_I2S_MspInit
                0x08000b30      0x17c ./Core/Src/stm32f4xx_hal_msp.o
                0x08000b30                HAL_I2S_MspInit
 .text.HAL_SPI_MspInit
                0x08000cac       0x90 ./Core/Src/stm32f4xx_hal_msp.o
                0x08000cac                HAL_SPI_MspInit
 .text.HAL_HCD_MspInit
                0x08000d3c       0xc4 ./Core/Src/stm32f4xx_hal_msp.o
                0x08000d3c                HAL_HCD_MspInit
 .text.HAL_InitTick
                0x08000e00       0xf8 ./Core/Src/stm32f4xx_hal_timebase_tim.o
                0x08000e00                HAL_InitTick
 .text.NMI_Handler
                0x08000ef8        0x8 ./Core/Src/stm32f4xx_it.o
                0x08000ef8                NMI_Handler
 .text.HardFault_Handler
                0x08000f00        0x8 ./Core/Src/stm32f4xx_it.o
                0x08000f00                HardFault_Handler
 .text.MemManage_Handler
                0x08000f08        0x8 ./Core/Src/stm32f4xx_it.o
                0x08000f08                MemManage_Handler
 .text.BusFault_Handler
                0x08000f10        0x8 ./Core/Src/stm32f4xx_it.o
                0x08000f10                BusFault_Handler
 .text.UsageFault_Handler
                0x08000f18        0x8 ./Core/Src/stm32f4xx_it.o
                0x08000f18                UsageFault_Handler
 .text.DebugMon_Handler
                0x08000f20        0xe ./Core/Src/stm32f4xx_it.o
                0x08000f20                DebugMon_Handler
 *fill*         0x08000f2e        0x2 
 .text.TIM5_IRQHandler
                0x08000f30       0x14 ./Core/Src/stm32f4xx_it.o
                0x08000f30                TIM5_IRQHandler
 .text.OTG_FS_IRQHandler
                0x08000f44       0x14 ./Core/Src/stm32f4xx_it.o
                0x08000f44                OTG_FS_IRQHandler
 .text.SystemInit
                0x08000f58       0x24 ./Core/Src/system_stm32f4xx.o
                0x08000f58                SystemInit
 .text.Reset_Handler
                0x08000f7c       0x50 ./Core/Startup/startup_stm32f401vctx.o
                0x08000f7c                Reset_Handler
 .text.Default_Handler
                0x08000fcc        0x2 ./Core/Startup/startup_stm32f401vctx.o
                0x08000fcc                RTC_Alarm_IRQHandler
                0x08000fcc                EXTI2_IRQHandler
                0x08000fcc                SPI4_IRQHandler
                0x08000fcc                TIM1_CC_IRQHandler
                0x08000fcc                DMA2_Stream5_IRQHandler
                0x08000fcc                DMA1_Stream5_IRQHandler
                0x08000fcc                PVD_IRQHandler
                0x08000fcc                SDIO_IRQHandler
                0x08000fcc                TAMP_STAMP_IRQHandler
                0x08000fcc                EXTI3_IRQHandler
                0x08000fcc                TIM1_UP_TIM10_IRQHandler
                0x08000fcc                I2C3_ER_IRQHandler
                0x08000fcc                EXTI0_IRQHandler
                0x08000fcc                I2C2_EV_IRQHandler
                0x08000fcc                DMA1_Stream2_IRQHandler
                0x08000fcc                FPU_IRQHandler
                0x08000fcc                DMA2_Stream2_IRQHandler
                0x08000fcc                SPI1_IRQHandler
                0x08000fcc                TIM1_BRK_TIM9_IRQHandler
                0x08000fcc                DMA2_Stream3_IRQHandler
                0x08000fcc                USART6_IRQHandler
                0x08000fcc                DMA2_Stream0_IRQHandler
                0x08000fcc                TIM4_IRQHandler
                0x08000fcc                I2C1_EV_IRQHandler
                0x08000fcc                DMA1_Stream6_IRQHandler
                0x08000fcc                DMA1_Stream1_IRQHandler
                0x08000fcc                TIM3_IRQHandler
                0x08000fcc                RCC_IRQHandler
                0x08000fcc                Default_Handler
                0x08000fcc                EXTI15_10_IRQHandler
                0x08000fcc                ADC_IRQHandler
                0x08000fcc                DMA1_Stream7_IRQHandler
                0x08000fcc                DMA2_Stream7_IRQHandler
                0x08000fcc                I2C3_EV_IRQHandler
                0x08000fcc                EXTI9_5_IRQHandler
                0x08000fcc                RTC_WKUP_IRQHandler
                0x08000fcc                SPI2_IRQHandler
                0x08000fcc                DMA1_Stream0_IRQHandler
                0x08000fcc                EXTI4_IRQHandler
                0x08000fcc                WWDG_IRQHandler
                0x08000fcc                TIM2_IRQHandler
                0x08000fcc                OTG_FS_WKUP_IRQHandler
                0x08000fcc                TIM1_TRG_COM_TIM11_IRQHandler
                0x08000fcc                EXTI1_IRQHandler
                0x08000fcc                USART2_IRQHandler
                0x08000fcc                I2C2_ER_IRQHandler
                0x08000fcc                DMA2_Stream1_IRQHandler
                0x08000fcc                FLASH_IRQHandler
                0x08000fcc                DMA2_Stream4_IRQHandler
                0x08000fcc                USART1_IRQHandler
                0x08000fcc                SPI3_IRQHandler
                0x08000fcc                DMA1_Stream4_IRQHandler
                0x08000fcc                I2C1_ER_IRQHandler
                0x08000fcc                DMA2_Stream6_IRQHandler
                0x08000fcc                DMA1_Stream3_IRQHandler
 *fill*         0x08000fce        0x2 
 .text.HAL_Init
                0x08000fd0       0x44 ./Drivers/STM32F4xx_HAL_Driver/Src/stm32f4xx_hal.o
                0x08000fd0                HAL_Init
 .text.HAL_IncTick
                0x08001014       0x28 ./Drivers/STM32F4xx_HAL_Driver/Src/stm32f4xx_hal.o
                0x08001014                HAL_IncTick
 .text.HAL_GetTick
                0x0800103c       0x18 ./Drivers/STM32F4xx_HAL_Driver/Src/stm32f4xx_hal.o
                0x0800103c                HAL_GetTick
 .text.HAL_Delay
                0x08001054       0x48 ./Drivers/STM32F4xx_HAL_Driver/Src/stm32f4xx_hal.o
                0x08001054                HAL_Delay
 .text.__NVIC_SetPriorityGrouping
                0x0800109c       0x48 ./Drivers/STM32F4xx_HAL_Driver/Src/stm32f4xx_hal_cortex.o
 .text.__NVIC_GetPriorityGrouping
                0x080010e4       0x1c ./Drivers/STM32F4xx_HAL_Driver/Src/stm32f4xx_hal_cortex.o
 .text.__NVIC_EnableIRQ
                0x08001100       0x3c ./Drivers/STM32F4xx_HAL_Driver/Src/stm32f4xx_hal_cortex.o
 .text.__NVIC_SetPriority
                0x0800113c       0x54 ./Drivers/STM32F4xx_HAL_Driver/Src/stm32f4xx_hal_cortex.o
 .text.NVIC_EncodePriority
                0x08001190       0x66 ./Drivers/STM32F4xx_HAL_Driver/Src/stm32f4xx_hal_cortex.o
 .text.HAL_NVIC_SetPriorityGrouping
                0x080011f6       0x16 ./Drivers/STM32F4xx_HAL_Driver/Src/stm32f4xx_hal_cortex.o
                0x080011f6                HAL_NVIC_SetPriorityGrouping
 .text.HAL_NVIC_SetPriority
                0x0800120c       0x38 ./Drivers/STM32F4xx_HAL_Driver/Src/stm32f4xx_hal_cortex.o
                0x0800120c                HAL_NVIC_SetPriority
 .text.HAL_NVIC_EnableIRQ
                0x08001244       0x1c ./Drivers/STM32F4xx_HAL_Driver/Src/stm32f4xx_hal_cortex.o
                0x08001244                HAL_NVIC_EnableIRQ
 .text.HAL_GPIO_Init
                0x08001260      0x308 ./Drivers/STM32F4xx_HAL_Driver/Src/stm32f4xx_hal_gpio.o
                0x08001260                HAL_GPIO_Init
 .text.HAL_GPIO_WritePin
                0x08001568       0x32 ./Drivers/STM32F4xx_HAL_Driver/Src/stm32f4xx_hal_gpio.o
                0x08001568                HAL_GPIO_WritePin
 .text.HAL_HCD_Init
                0x0800159a       0xce ./Drivers/STM32F4xx_HAL_Driver/Src/stm32f4xx_hal_hcd.o
                0x0800159a                HAL_HCD_Init
 .text.HAL_HCD_IRQHandler
                0x08001668      0x220 ./Drivers/STM32F4xx_HAL_Driver/Src/stm32f4xx_hal_hcd.o
                0x08001668                HAL_HCD_IRQHandler
 .text.HAL_HCD_SOF_Callback
                0x08001888       0x14 ./Drivers/STM32F4xx_HAL_Driver/Src/stm32f4xx_hal_hcd.o
                0x08001888                HAL_HCD_SOF_Callback
 .text.HAL_HCD_Connect_Callback
                0x0800189c       0x14 ./Drivers/STM32F4xx_HAL_Driver/Src/stm32f4xx_hal_hcd.o
                0x0800189c                HAL_HCD_Connect_Callback
 .text.HAL_HCD_Disconnect_Callback
                0x080018b0       0x14 ./Drivers/STM32F4xx_HAL_Driver/Src/stm32f4xx_hal_hcd.o
                0x080018b0                HAL_HCD_Disconnect_Callback
 .text.HAL_HCD_PortEnabled_Callback
                0x080018c4       0x14 ./Drivers/STM32F4xx_HAL_Driver/Src/stm32f4xx_hal_hcd.o
                0x080018c4                HAL_HCD_PortEnabled_Callback
 .text.HAL_HCD_PortDisabled_Callback
                0x080018d8       0x14 ./Drivers/STM32F4xx_HAL_Driver/Src/stm32f4xx_hal_hcd.o
                0x080018d8                HAL_HCD_PortDisabled_Callback
 .text.HAL_HCD_HC_NotifyURBChange_Callback
                0x080018ec       0x1c ./Drivers/STM32F4xx_HAL_Driver/Src/stm32f4xx_hal_hcd.o
                0x080018ec                HAL_HCD_HC_NotifyURBChange_Callback
 .text.HCD_HC_IN_IRQHandler
                0x08001908      0xcd2 ./Drivers/STM32F4xx_HAL_Driver/Src/stm32f4xx_hal_hcd.o
 .text.HCD_HC_OUT_IRQHandler
                0x080025da      0x97e ./Drivers/STM32F4xx_HAL_Driver/Src/stm32f4xx_hal_hcd.o
 .text.HCD_RXQLVL_IRQHandler
                0x08002f58      0x1be ./Drivers/STM32F4xx_HAL_Driver/Src/stm32f4xx_hal_hcd.o
 .text.HCD_Port_IRQHandler
                0x08003116       0xe6 ./Drivers/STM32F4xx_HAL_Driver/Src/stm32f4xx_hal_hcd.o
 .text.HAL_I2C_Init
                0x080031fc      0x288 ./Drivers/STM32F4xx_HAL_Driver/Src/stm32f4xx_hal_i2c.o
                0x080031fc                HAL_I2C_Init
 .text.HAL_I2S_Init
                0x08003484      0x280 ./Drivers/STM32F4xx_HAL_Driver/Src/stm32f4xx_hal_i2s.o
                0x08003484                HAL_I2S_Init
 .text.HAL_I2S_TxCpltCallback
                0x08003704       0x14 ./Drivers/STM32F4xx_HAL_Driver/Src/stm32f4xx_hal_i2s.o
                0x08003704                HAL_I2S_TxCpltCallback
 .text.HAL_I2S_RxCpltCallback
                0x08003718       0x14 ./Drivers/STM32F4xx_HAL_Driver/Src/stm32f4xx_hal_i2s.o
                0x08003718                HAL_I2S_RxCpltCallback
 .text.HAL_I2S_ErrorCallback
                0x0800372c       0x14 ./Drivers/STM32F4xx_HAL_Driver/Src/stm32f4xx_hal_i2s.o
                0x0800372c                HAL_I2S_ErrorCallback
 .text.I2S_Transmit_IT
                0x08003740       0x5c ./Drivers/STM32F4xx_HAL_Driver/Src/stm32f4xx_hal_i2s.o
 .text.I2S_Receive_IT
                0x0800379c       0x5e ./Drivers/STM32F4xx_HAL_Driver/Src/stm32f4xx_hal_i2s.o
 .text.I2S_IRQHandler
                0x080037fa      0x114 ./Drivers/STM32F4xx_HAL_Driver/Src/stm32f4xx_hal_i2s.o
 *fill*         0x0800390e        0x2 
 .text.HAL_I2SEx_FullDuplex_IRQHandler
                0x08003910      0x2a8 ./Drivers/STM32F4xx_HAL_Driver/Src/stm32f4xx_hal_i2s_ex.o
                0x08003910                HAL_I2SEx_FullDuplex_IRQHandler
 .text.HAL_I2SEx_TxRxCpltCallback
                0x08003bb8       0x14 ./Drivers/STM32F4xx_HAL_Driver/Src/stm32f4xx_hal_i2s_ex.o
                0x08003bb8                HAL_I2SEx_TxRxCpltCallback
 .text.I2SEx_TxISR_I2S
                0x08003bcc       0x62 ./Drivers/STM32F4xx_HAL_Driver/Src/stm32f4xx_hal_i2s_ex.o
 *fill*         0x08003c2e        0x2 
 .text.I2SEx_TxISR_I2SExt
                0x08003c30       0x98 ./Drivers/STM32F4xx_HAL_Driver/Src/stm32f4xx_hal_i2s_ex.o
 .text.I2SEx_RxISR_I2S
                0x08003cc8       0x64 ./Drivers/STM32F4xx_HAL_Driver/Src/stm32f4xx_hal_i2s_ex.o
 .text.I2SEx_RxISR_I2SExt
                0x08003d2c       0x98 ./Drivers/STM32F4xx_HAL_Driver/Src/stm32f4xx_hal_i2s_ex.o
 .text.HAL_RCC_OscConfig
                0x08003dc4      0x4f0 ./Drivers/STM32F4xx_HAL_Driver/Src/stm32f4xx_hal_rcc.o
                0x08003dc4                HAL_RCC_OscConfig
 .text.HAL_RCC_ClockConfig
                0x080042b4      0x1cc ./Drivers/STM32F4xx_HAL_Driver/Src/stm32f4xx_hal_rcc.o
                0x080042b4                HAL_RCC_ClockConfig
 .text.HAL_RCC_GetSysClockFreq
                0x08004480      0x20c ./Drivers/STM32F4xx_HAL_Driver/Src/stm32f4xx_hal_rcc.o
                0x08004480                HAL_RCC_GetSysClockFreq
 .text.HAL_RCC_GetHCLKFreq
                0x0800468c       0x18 ./Drivers/STM32F4xx_HAL_Driver/Src/stm32f4xx_hal_rcc.o
                0x0800468c                HAL_RCC_GetHCLKFreq
 .text.HAL_RCC_GetPCLK1Freq
                0x080046a4       0x28 ./Drivers/STM32F4xx_HAL_Driver/Src/stm32f4xx_hal_rcc.o
                0x080046a4                HAL_RCC_GetPCLK1Freq
 .text.HAL_RCC_GetClockConfig
                0x080046cc       0x64 ./Drivers/STM32F4xx_HAL_Driver/Src/stm32f4xx_hal_rcc.o
                0x080046cc                HAL_RCC_GetClockConfig
 .text.HAL_RCCEx_PeriphCLKConfig
                0x08004730      0x1dc ./Drivers/STM32F4xx_HAL_Driver/Src/stm32f4xx_hal_rcc_ex.o
                0x08004730                HAL_RCCEx_PeriphCLKConfig
 .text.HAL_RCCEx_GetPeriphCLKFreq
                0x0800490c       0xc0 ./Drivers/STM32F4xx_HAL_Driver/Src/stm32f4xx_hal_rcc_ex.o
                0x0800490c                HAL_RCCEx_GetPeriphCLKFreq
 .text.HAL_SPI_Init
                0x080049cc      0x112 ./Drivers/STM32F4xx_HAL_Driver/Src/stm32f4xx_hal_spi.o
                0x080049cc                HAL_SPI_Init
 .text.HAL_TIM_Base_Init
                0x08004ade       0x9e ./Drivers/STM32F4xx_HAL_Driver/Src/stm32f4xx_hal_tim.o
                0x08004ade                HAL_TIM_Base_Init
 .text.HAL_TIM_Base_MspInit
                0x08004b7c       0x14 ./Drivers/STM32F4xx_HAL_Driver/Src/stm32f4xx_hal_tim.o
                0x08004b7c                HAL_TIM_Base_MspInit
 .text.HAL_TIM_Base_Start_IT
                0x08004b90       0xc4 ./Drivers/STM32F4xx_HAL_Driver/Src/stm32f4xx_hal_tim.o
                0x08004b90                HAL_TIM_Base_Start_IT
 .text.HAL_TIM_IRQHandler
                0x08004c54      0x1e0 ./Drivers/STM32F4xx_HAL_Driver/Src/stm32f4xx_hal_tim.o
                0x08004c54                HAL_TIM_IRQHandler
 .text.HAL_TIM_OC_DelayElapsedCallback
                0x08004e34       0x14 ./Drivers/STM32F4xx_HAL_Driver/Src/stm32f4xx_hal_tim.o
                0x08004e34                HAL_TIM_OC_DelayElapsedCallback
 .text.HAL_TIM_IC_CaptureCallback
                0x08004e48       0x14 ./Drivers/STM32F4xx_HAL_Driver/Src/stm32f4xx_hal_tim.o
                0x08004e48                HAL_TIM_IC_CaptureCallback
 .text.HAL_TIM_PWM_PulseFinishedCallback
                0x08004e5c       0x14 ./Drivers/STM32F4xx_HAL_Driver/Src/stm32f4xx_hal_tim.o
                0x08004e5c                HAL_TIM_PWM_PulseFinishedCallback
 .text.HAL_TIM_TriggerCallback
                0x08004e70       0x14 ./Drivers/STM32F4xx_HAL_Driver/Src/stm32f4xx_hal_tim.o
                0x08004e70                HAL_TIM_TriggerCallback
 .text.TIM_Base_SetConfig
                0x08004e84      0x118 ./Drivers/STM32F4xx_HAL_Driver/Src/stm32f4xx_hal_tim.o
                0x08004e84                TIM_Base_SetConfig
 .text.HAL_TIMEx_CommutCallback
                0x08004f9c       0x14 ./Drivers/STM32F4xx_HAL_Driver/Src/stm32f4xx_hal_tim_ex.o
                0x08004f9c                HAL_TIMEx_CommutCallback
 .text.HAL_TIMEx_BreakCallback
                0x08004fb0       0x14 ./Drivers/STM32F4xx_HAL_Driver/Src/stm32f4xx_hal_tim_ex.o
                0x08004fb0                HAL_TIMEx_BreakCallback
 .text.USB_CoreInit
                0x08004fc4       0xc8 ./Drivers/STM32F4xx_HAL_Driver/Src/stm32f4xx_ll_usb.o
                0x08004fc4                USB_CoreInit
 .text.USB_DisableGlobalInt
                0x0800508c       0x22 ./Drivers/STM32F4xx_HAL_Driver/Src/stm32f4xx_ll_usb.o
                0x0800508c                USB_DisableGlobalInt
 .text.USB_SetCurrentMode
                0x080050ae       0x98 ./Drivers/STM32F4xx_HAL_Driver/Src/stm32f4xx_ll_usb.o
                0x080050ae                USB_SetCurrentMode
 .text.USB_FlushTxFifo
                0x08005146       0x64 ./Drivers/STM32F4xx_HAL_Driver/Src/stm32f4xx_ll_usb.o
                0x08005146                USB_FlushTxFifo
 .text.USB_FlushRxFifo
                0x080051aa       0x5c ./Drivers/STM32F4xx_HAL_Driver/Src/stm32f4xx_ll_usb.o
                0x080051aa                USB_FlushRxFifo
 .text.USB_ReadPacket
                0x08005206       0xb0 ./Drivers/STM32F4xx_HAL_Driver/Src/stm32f4xx_ll_usb.o
                0x08005206                USB_ReadPacket
 .text.USB_ReadInterrupts
                0x080052b6       0x26 ./Drivers/STM32F4xx_HAL_Driver/Src/stm32f4xx_ll_usb.o
                0x080052b6                USB_ReadInterrupts
 .text.USB_ReadChInterrupts
                0x080052dc       0x42 ./Drivers/STM32F4xx_HAL_Driver/Src/stm32f4xx_ll_usb.o
                0x080052dc                USB_ReadChInterrupts
 .text.USB_GetMode
                0x0800531e       0x1c ./Drivers/STM32F4xx_HAL_Driver/Src/stm32f4xx_ll_usb.o
                0x0800531e                USB_GetMode
 .text.USB_CoreReset
                0x0800533a       0x62 ./Drivers/STM32F4xx_HAL_Driver/Src/stm32f4xx_ll_usb.o
 .text.USB_HostInit
                0x0800539c      0x15c ./Drivers/STM32F4xx_HAL_Driver/Src/stm32f4xx_ll_usb.o
                0x0800539c                USB_HostInit
 .text.USB_InitFSLSPClkSel
                0x080054f8       0x7a ./Drivers/STM32F4xx_HAL_Driver/Src/stm32f4xx_ll_usb.o
                0x080054f8                USB_InitFSLSPClkSel
 .text.USB_HC_ReadInterrupt
                0x08005572       0x22 ./Drivers/STM32F4xx_HAL_Driver/Src/stm32f4xx_ll_usb.o
                0x08005572                USB_HC_ReadInterrupt
 .text.USB_HC_Halt
                0x08005594      0x240 ./Drivers/STM32F4xx_HAL_Driver/Src/stm32f4xx_ll_usb.o
                0x08005594                USB_HC_Halt
 .text.vListInitialise
                0x080057d4       0x40 ./third_party/FreeRTOS/list.o
                0x080057d4                vListInitialise
 .text.vListInitialiseItem
                0x08005814       0x1a ./third_party/FreeRTOS/list.o
                0x08005814                vListInitialiseItem
 .text.vListInsertEnd
                0x0800582e       0x48 ./third_party/FreeRTOS/list.o
                0x0800582e                vListInsertEnd
 .text.uxListRemove
                0x08005876       0x54 ./third_party/FreeRTOS/list.o
                0x08005876                uxListRemove
 .text.xTaskCreate
                0x080058ca       0x82 ./third_party/FreeRTOS/tasks.o
                0x080058ca                xTaskCreate
 .text.prvInitialiseNewTask
                0x0800594c      0x12e ./third_party/FreeRTOS/tasks.o
 *fill*         0x08005a7a        0x2 
 .text.prvAddNewTaskToReadyList
                0x08005a7c       0xdc ./third_party/FreeRTOS/tasks.o
 .text.vTaskSuspendAll
                0x08005b58       0x1c ./third_party/FreeRTOS/tasks.o
                0x08005b58                vTaskSuspendAll
 .text.xTaskResumeAll
                0x08005b74      0x13c ./third_party/FreeRTOS/tasks.o
                0x08005b74                xTaskResumeAll
 .text.xTaskIncrementTick
                0x08005cb0      0x174 ./third_party/FreeRTOS/tasks.o
                0x08005cb0                xTaskIncrementTick
 .text.vTaskSwitchContext
                0x08005e24       0xb8 ./third_party/FreeRTOS/tasks.o
                0x08005e24                vTaskSwitchContext
 .text.prvInitialiseTaskLists
                0x08005edc       0x80 ./third_party/FreeRTOS/tasks.o
 .text.prvResetNextTaskUnblockTime
                0x08005f5c       0x38 ./third_party/FreeRTOS/tasks.o
 .text.pxPortInitialiseStack
                0x08005f94       0x68 ./third_party/FreeRTOS/portable/GCC/ARM_CM4F/port.o
                0x08005f94                pxPortInitialiseStack
 .text.prvTaskExitError
                0x08005ffc       0x5c ./third_party/FreeRTOS/portable/GCC/ARM_CM4F/port.o
 *fill*         0x08006058        0x8 
 .text.SVC_Handler
                0x08006060       0x28 ./third_party/FreeRTOS/portable/GCC/ARM_CM4F/port.o
                0x08006060                SVC_Handler
 .text.vPortEnterCritical
                0x08006088       0x64 ./third_party/FreeRTOS/portable/GCC/ARM_CM4F/port.o
                0x08006088                vPortEnterCritical
 .text.vPortExitCritical
                0x080060ec       0x54 ./third_party/FreeRTOS/portable/GCC/ARM_CM4F/port.o
                0x080060ec                vPortExitCritical
 .text.PendSV_Handler
                0x08006140       0x68 ./third_party/FreeRTOS/portable/GCC/ARM_CM4F/port.o
                0x08006140                PendSV_Handler
 .text.SysTick_Handler
                0x080061a8       0x44 ./third_party/FreeRTOS/portable/GCC/ARM_CM4F/port.o
                0x080061a8                SysTick_Handler
 .text.pvPortMalloc
                0x080061ec      0x1c4 ./third_party/FreeRTOS/portable/MemMang/heap_4.o
                0x080061ec                pvPortMalloc
 .text.vPortFree
                0x080063b0       0xc8 ./third_party/FreeRTOS/portable/MemMang/heap_4.o
                0x080063b0                vPortFree
 .text.prvHeapInit
                0x08006478       0xc4 ./third_party/FreeRTOS/portable/MemMang/heap_4.o
 .text.prvInsertBlockIntoFreeList
                0x0800653c       0xb4 ./third_party/FreeRTOS/portable/MemMang/heap_4.o
 .text.memset   0x080065f0       0x10 C:/ST/STM32CubeIDE_1.17.0/STM32CubeIDE/plugins/com.st.stm32cube.ide.mcu.externaltools.gnu-tools-for-stm32.12.3.rel1.win32_1.1.0.202410251130/tools/bin/../lib/gcc/arm-none-eabi/12.3.1/../../../../arm-none-eabi/lib/thumb/v7e-m+fp/hard\libc_nano.a(libc_a-memset.o)
                0x080065f0                memset
 .text.__libc_init_array
                0x08006600       0x48 C:/ST/STM32CubeIDE_1.17.0/STM32CubeIDE/plugins/com.st.stm32cube.ide.mcu.externaltools.gnu-tools-for-stm32.12.3.rel1.win32_1.1.0.202410251130/tools/bin/../lib/gcc/arm-none-eabi/12.3.1/../../../../arm-none-eabi/lib/thumb/v7e-m+fp/hard\libc_nano.a(libc_a-init.o)
                0x08006600                __libc_init_array
 *(.glue_7)
 .glue_7        0x08006648        0x0 linker stubs
 *(.glue_7t)
 .glue_7t       0x08006648        0x0 linker stubs
 *(.eh_frame)
 .eh_frame      0x08006648        0x0 C:/ST/STM32CubeIDE_1.17.0/STM32CubeIDE/plugins/com.st.stm32cube.ide.mcu.externaltools.gnu-tools-for-stm32.12.3.rel1.win32_1.1.0.202410251130/tools/bin/../lib/gcc/arm-none-eabi/12.3.1/thumb/v7e-m+fp/hard/crtbegin.o
 *(.init)
 .init          0x08006648        0x4 C:/ST/STM32CubeIDE_1.17.0/STM32CubeIDE/plugins/com.st.stm32cube.ide.mcu.externaltools.gnu-tools-for-stm32.12.3.rel1.win32_1.1.0.202410251130/tools/bin/../lib/gcc/arm-none-eabi/12.3.1/thumb/v7e-m+fp/hard/crti.o
                0x08006648                _init
 .init          0x0800664c        0x8 C:/ST/STM32CubeIDE_1.17.0/STM32CubeIDE/plugins/com.st.stm32cube.ide.mcu.externaltools.gnu-tools-for-stm32.12.3.rel1.win32_1.1.0.202410251130/tools/bin/../lib/gcc/arm-none-eabi/12.3.1/thumb/v7e-m+fp/hard/crtn.o
 *(.fini)
 .fini          0x08006654        0x4 C:/ST/STM32CubeIDE_1.17.0/STM32CubeIDE/plugins/com.st.stm32cube.ide.mcu.externaltools.gnu-tools-for-stm32.12.3.rel1.win32_1.1.0.202410251130/tools/bin/../lib/gcc/arm-none-eabi/12.3.1/thumb/v7e-m+fp/hard/crti.o
                0x08006654                _fini
 .fini          0x08006658        0x8 C:/ST/STM32CubeIDE_1.17.0/STM32CubeIDE/plugins/com.st.stm32cube.ide.mcu.externaltools.gnu-tools-for-stm32.12.3.rel1.win32_1.1.0.202410251130/tools/bin/../lib/gcc/arm-none-eabi/12.3.1/thumb/v7e-m+fp/hard/crtn.o
                0x08006660                        . = ALIGN (0x4)
                0x08006660                        _etext = .

.vfp11_veneer   0x08006660        0x0
 .vfp11_veneer  0x08006660        0x0 linker stubs

.v4_bx          0x08006660        0x0
 .v4_bx         0x08006660        0x0 linker stubs

.iplt           0x08006660        0x0
 .iplt          0x08006660        0x0 C:/ST/STM32CubeIDE_1.17.0/STM32CubeIDE/plugins/com.st.stm32cube.ide.mcu.externaltools.gnu-tools-for-stm32.12.3.rel1.win32_1.1.0.202410251130/tools/bin/../lib/gcc/arm-none-eabi/12.3.1/thumb/v7e-m+fp/hard/crtbegin.o

.rodata         0x08006660       0x28
                0x08006660                        . = ALIGN (0x4)
 *(.rodata)
 .rodata        0x08006660        0xf ./Core/Src/main.o
 *(.rodata*)
 *fill*         0x0800666f        0x1 
 .rodata.AHBPrescTable
                0x08006670       0x10 ./Core/Src/system_stm32f4xx.o
                0x08006670                AHBPrescTable
 .rodata.APBPrescTable
                0x08006680        0x8 ./Core/Src/system_stm32f4xx.o
                0x08006680                APBPrescTable
                0x08006688                        . = ALIGN (0x4)

.ARM.extab      0x08006688        0x0
                0x08006688                        . = ALIGN (0x4)
 *(.ARM.extab* .gnu.linkonce.armextab.*)
                0x08006688                        . = ALIGN (0x4)

.ARM            0x08006688        0x8
                0x08006688                        . = ALIGN (0x4)
                0x08006688                        __exidx_start = .
 *(.ARM.exidx*)
 .ARM.exidx     0x08006688        0x8 C:/ST/STM32CubeIDE_1.17.0/STM32CubeIDE/plugins/com.st.stm32cube.ide.mcu.externaltools.gnu-tools-for-stm32.12.3.rel1.win32_1.1.0.202410251130/tools/bin/../lib/gcc/arm-none-eabi/12.3.1/thumb/v7e-m+fp/hard\libgcc.a(_udivmoddi4.o)
                0x08006690                        __exidx_end = .
                0x08006690                        . = ALIGN (0x4)

.preinit_array  0x08006690        0x0
                0x08006690                        . = ALIGN (0x4)
                0x08006690                        PROVIDE (__preinit_array_start = .)
 *(.preinit_array*)
                0x08006690                        PROVIDE (__preinit_array_end = .)
                0x08006690                        . = ALIGN (0x4)

.init_array     0x08006690        0x4
                0x08006690                        . = ALIGN (0x4)
                0x08006690                        PROVIDE (__init_array_start = .)
 *(SORT_BY_NAME(.init_array.*))
 *(.init_array*)
 .init_array    0x08006690        0x4 C:/ST/STM32CubeIDE_1.17.0/STM32CubeIDE/plugins/com.st.stm32cube.ide.mcu.externaltools.gnu-tools-for-stm32.12.3.rel1.win32_1.1.0.202410251130/tools/bin/../lib/gcc/arm-none-eabi/12.3.1/thumb/v7e-m+fp/hard/crtbegin.o
                0x08006694                        PROVIDE (__init_array_end = .)
                0x08006694                        . = ALIGN (0x4)

.fini_array     0x08006694        0x4
                0x08006694                        . = ALIGN (0x4)
                [!provide]                        PROVIDE (__fini_array_start = .)
 *(SORT_BY_NAME(.fini_array.*))
 *(.fini_array*)
 .fini_array    0x08006694        0x4 C:/ST/STM32CubeIDE_1.17.0/STM32CubeIDE/plugins/com.st.stm32cube.ide.mcu.externaltools.gnu-tools-for-stm32.12.3.rel1.win32_1.1.0.202410251130/tools/bin/../lib/gcc/arm-none-eabi/12.3.1/thumb/v7e-m+fp/hard/crtbegin.o
                [!provide]                        PROVIDE (__fini_array_end = .)
                0x08006698                        . = ALIGN (0x4)
                0x08006698                        _sidata = LOADADDR (.data)

.rel.dyn        0x08006698        0x0
 .rel.iplt      0x08006698        0x0 C:/ST/STM32CubeIDE_1.17.0/STM32CubeIDE/plugins/com.st.stm32cube.ide.mcu.externaltools.gnu-tools-for-stm32.12.3.rel1.win32_1.1.0.202410251130/tools/bin/../lib/gcc/arm-none-eabi/12.3.1/thumb/v7e-m+fp/hard/crtbegin.o

.data           0x20000000       0x10 load address 0x08006698
                0x20000000                        . = ALIGN (0x4)
                0x20000000                        _sdata = .
 *(.data)
 *(.data*)
 .data.SystemCoreClock
                0x20000000        0x4 ./Core/Src/system_stm32f4xx.o
                0x20000000                SystemCoreClock
 .data.uwTickPrio
                0x20000004        0x4 ./Drivers/STM32F4xx_HAL_Driver/Src/stm32f4xx_hal.o
                0x20000004                uwTickPrio
 .data.uwTickFreq
                0x20000008        0x1 ./Drivers/STM32F4xx_HAL_Driver/Src/stm32f4xx_hal.o
                0x20000008                uwTickFreq
 *fill*         0x20000009        0x3 
 .data.uxCriticalNesting
                0x2000000c        0x4 ./third_party/FreeRTOS/portable/GCC/ARM_CM4F/port.o
 *(.RamFunc)
 *(.RamFunc*)
                0x20000010                        . = ALIGN (0x4)
                0x20000010                        _edata = .

.igot.plt       0x20000010        0x0 load address 0x080066a8
 .igot.plt      0x20000010        0x0 C:/ST/STM32CubeIDE_1.17.0/STM32CubeIDE/plugins/com.st.stm32cube.ide.mcu.externaltools.gnu-tools-for-stm32.12.3.rel1.win32_1.1.0.202410251130/tools/bin/../lib/gcc/arm-none-eabi/12.3.1/thumb/v7e-m+fp/hard/crtbegin.o
                0x20000010                        . = ALIGN (0x4)

.bss            0x20000010    0x132a0 load address 0x080066a8
                0x20000010                        _sbss = .
                0x20000010                        __bss_start__ = _sbss
 *(.bss)
 .bss           0x20000010       0x1c C:/ST/STM32CubeIDE_1.17.0/STM32CubeIDE/plugins/com.st.stm32cube.ide.mcu.externaltools.gnu-tools-for-stm32.12.3.rel1.win32_1.1.0.202410251130/tools/bin/../lib/gcc/arm-none-eabi/12.3.1/thumb/v7e-m+fp/hard/crtbegin.o
 *(.bss*)
 .bss.hi2c1     0x2000002c       0x54 ./Core/Src/main.o
                0x2000002c                hi2c1
 .bss.hi2s2     0x20000080       0x48 ./Core/Src/main.o
                0x20000080                hi2s2
 .bss.hi2s3     0x200000c8       0x48 ./Core/Src/main.o
                0x200000c8                hi2s3
 .bss.hspi1     0x20000110       0x58 ./Core/Src/main.o
                0x20000110                hspi1
 .bss.hhcd_USB_OTG_FS
                0x20000168      0x3e0 ./Core/Src/main.o
                0x20000168                hhcd_USB_OTG_FS
 .bss.htim5     0x20000548       0x48 ./Core/Src/stm32f4xx_hal_timebase_tim.o
                0x20000548                htim5
 .bss.uwTick    0x20000590        0x4 ./Drivers/STM32F4xx_HAL_Driver/Src/stm32f4xx_hal.o
                0x20000590                uwTick
 .bss.pxCurrentTCB
                0x20000594        0x4 ./third_party/FreeRTOS/tasks.o
                0x20000594                pxCurrentTCB
 .bss.pxReadyTasksLists
                0x20000598       0x64 ./third_party/FreeRTOS/tasks.o
 .bss.xDelayedTaskList1
                0x200005fc       0x14 ./third_party/FreeRTOS/tasks.o
 .bss.xDelayedTaskList2
                0x20000610       0x14 ./third_party/FreeRTOS/tasks.o
 .bss.pxDelayedTaskList
                0x20000624        0x4 ./third_party/FreeRTOS/tasks.o
 .bss.pxOverflowDelayedTaskList
                0x20000628        0x4 ./third_party/FreeRTOS/tasks.o
 .bss.xPendingReadyList
                0x2000062c       0x14 ./third_party/FreeRTOS/tasks.o
 .bss.xTasksWaitingTermination
                0x20000640       0x14 ./third_party/FreeRTOS/tasks.o
 .bss.xSuspendedTaskList
                0x20000654       0x14 ./third_party/FreeRTOS/tasks.o
 .bss.uxCurrentNumberOfTasks
                0x20000668        0x4 ./third_party/FreeRTOS/tasks.o
 .bss.xTickCount
                0x2000066c        0x4 ./third_party/FreeRTOS/tasks.o
 .bss.uxTopReadyPriority
                0x20000670        0x4 ./third_party/FreeRTOS/tasks.o
 .bss.xSchedulerRunning
                0x20000674        0x4 ./third_party/FreeRTOS/tasks.o
 .bss.xPendedTicks
                0x20000678        0x4 ./third_party/FreeRTOS/tasks.o
 .bss.xYieldPending
                0x2000067c        0x4 ./third_party/FreeRTOS/tasks.o
 .bss.xNumOfOverflows
                0x20000680        0x4 ./third_party/FreeRTOS/tasks.o
 .bss.uxTaskNumber
                0x20000684        0x4 ./third_party/FreeRTOS/tasks.o
 .bss.xNextTaskUnblockTime
                0x20000688        0x4 ./third_party/FreeRTOS/tasks.o
 .bss.uxSchedulerSuspended
                0x2000068c        0x4 ./third_party/FreeRTOS/tasks.o
 .bss.ucHeap    0x20000690    0x12c00 ./third_party/FreeRTOS/portable/MemMang/heap_4.o
 .bss.xStart    0x20013290        0x8 ./third_party/FreeRTOS/portable/MemMang/heap_4.o
 .bss.pxEnd     0x20013298        0x4 ./third_party/FreeRTOS/portable/MemMang/heap_4.o
 .bss.xFreeBytesRemaining
                0x2001329c        0x4 ./third_party/FreeRTOS/portable/MemMang/heap_4.o
 .bss.xMinimumEverFreeBytesRemaining
                0x200132a0        0x4 ./third_party/FreeRTOS/portable/MemMang/heap_4.o
 .bss.xNumberOfSuccessfulAllocations
                0x200132a4        0x4 ./third_party/FreeRTOS/portable/MemMang/heap_4.o
 .bss.xNumberOfSuccessfulFrees
                0x200132a8        0x4 ./third_party/FreeRTOS/portable/MemMang/heap_4.o
 .bss.xBlockAllocatedBit
                0x200132ac        0x4 ./third_party/FreeRTOS/portable/MemMang/heap_4.o
 *(COMMON)
                0x200132b0                        . = ALIGN (0x4)
                0x200132b0                        _ebss = .
                0x200132b0                        __bss_end__ = _ebss

._user_heap_stack
                0x200132b0      0x600 load address 0x080066a8
                0x200132b0                        . = ALIGN (0x8)
                0x200132b0                        PROVIDE (end = .)
                [!provide]                        PROVIDE (_end = .)
                0x200134b0                        . = (. + _Min_Heap_Size)
 *fill*         0x200132b0      0x200 
                0x200138b0                        . = (. + _Min_Stack_Size)
 *fill*         0x200134b0      0x400 
                0x200138b0                        . = ALIGN (0x8)

/DISCARD/
 libc.a(*)
 libm.a(*)
 libgcc.a(*)

.ARM.attributes
                0x00000000       0x30
 *(.ARM.attributes)
 .ARM.attributes
                0x00000000       0x22 C:/ST/STM32CubeIDE_1.17.0/STM32CubeIDE/plugins/com.st.stm32cube.ide.mcu.externaltools.gnu-tools-for-stm32.12.3.rel1.win32_1.1.0.202410251130/tools/bin/../lib/gcc/arm-none-eabi/12.3.1/thumb/v7e-m+fp/hard/crti.o
 .ARM.attributes
                0x00000022       0x34 C:/ST/STM32CubeIDE_1.17.0/STM32CubeIDE/plugins/com.st.stm32cube.ide.mcu.externaltools.gnu-tools-for-stm32.12.3.rel1.win32_1.1.0.202410251130/tools/bin/../lib/gcc/arm-none-eabi/12.3.1/thumb/v7e-m+fp/hard/crtbegin.o
 .ARM.attributes
                0x00000056       0x34 ./Core/Src/main.o
 .ARM.attributes
                0x0000008a       0x34 ./Core/Src/stm32f4xx_hal_msp.o
 .ARM.attributes
                0x000000be       0x34 ./Core/Src/stm32f4xx_hal_timebase_tim.o
 .ARM.attributes
                0x000000f2       0x34 ./Core/Src/stm32f4xx_it.o
 .ARM.attributes
                0x00000126       0x34 ./Core/Src/system_stm32f4xx.o
 .ARM.attributes
                0x0000015a       0x21 ./Core/Startup/startup_stm32f401vctx.o
 .ARM.attributes
                0x0000017b       0x34 ./Drivers/STM32F4xx_HAL_Driver/Src/stm32f4xx_hal.o
 .ARM.attributes
                0x000001af       0x34 ./Drivers/STM32F4xx_HAL_Driver/Src/stm32f4xx_hal_cortex.o
 .ARM.attributes
                0x000001e3       0x34 ./Drivers/STM32F4xx_HAL_Driver/Src/stm32f4xx_hal_gpio.o
 .ARM.attributes
                0x00000217       0x34 ./Drivers/STM32F4xx_HAL_Driver/Src/stm32f4xx_hal_hcd.o
 .ARM.attributes
                0x0000024b       0x34 ./Drivers/STM32F4xx_HAL_Driver/Src/stm32f4xx_hal_i2c.o
 .ARM.attributes
                0x0000027f       0x34 ./Drivers/STM32F4xx_HAL_Driver/Src/stm32f4xx_hal_i2s.o
 .ARM.attributes
                0x000002b3       0x34 ./Drivers/STM32F4xx_HAL_Driver/Src/stm32f4xx_hal_i2s_ex.o
 .ARM.attributes
                0x000002e7       0x34 ./Drivers/STM32F4xx_HAL_Driver/Src/stm32f4xx_hal_rcc.o
 .ARM.attributes
                0x0000031b       0x34 ./Drivers/STM32F4xx_HAL_Driver/Src/stm32f4xx_hal_rcc_ex.o
 .ARM.attributes
                0x0000034f       0x34 ./Drivers/STM32F4xx_HAL_Driver/Src/stm32f4xx_hal_spi.o
 .ARM.attributes
                0x00000383       0x34 ./Drivers/STM32F4xx_HAL_Driver/Src/stm32f4xx_hal_tim.o
 .ARM.attributes
                0x000003b7       0x34 ./Drivers/STM32F4xx_HAL_Driver/Src/stm32f4xx_hal_tim_ex.o
 .ARM.attributes
                0x000003eb       0x34 ./Drivers/STM32F4xx_HAL_Driver/Src/stm32f4xx_ll_usb.o
 .ARM.attributes
                0x0000041f       0x34 ./third_party/FreeRTOS/list.o
 .ARM.attributes
                0x00000453       0x34 ./third_party/FreeRTOS/tasks.o
 .ARM.attributes
                0x00000487       0x34 ./third_party/FreeRTOS/portable/GCC/ARM_CM4F/port.o
 .ARM.attributes
                0x000004bb       0x34 ./third_party/FreeRTOS/portable/MemMang/heap_4.o
 .ARM.attributes
                0x000004ef       0x34 C:/ST/STM32CubeIDE_1.17.0/STM32CubeIDE/plugins/com.st.stm32cube.ide.mcu.externaltools.gnu-tools-for-stm32.12.3.rel1.win32_1.1.0.202410251130/tools/bin/../lib/gcc/arm-none-eabi/12.3.1/../../../../arm-none-eabi/lib/thumb/v7e-m+fp/hard\libc_nano.a(libc_a-memset.o)
 .ARM.attributes
                0x00000523       0x34 C:/ST/STM32CubeIDE_1.17.0/STM32CubeIDE/plugins/com.st.stm32cube.ide.mcu.externaltools.gnu-tools-for-stm32.12.3.rel1.win32_1.1.0.202410251130/tools/bin/../lib/gcc/arm-none-eabi/12.3.1/../../../../arm-none-eabi/lib/thumb/v7e-m+fp/hard\libc_nano.a(libc_a-init.o)
 .ARM.attributes
                0x00000557       0x22 C:/ST/STM32CubeIDE_1.17.0/STM32CubeIDE/plugins/com.st.stm32cube.ide.mcu.externaltools.gnu-tools-for-stm32.12.3.rel1.win32_1.1.0.202410251130/tools/bin/../lib/gcc/arm-none-eabi/12.3.1/thumb/v7e-m+fp/hard\libgcc.a(_aeabi_uldivmod.o)
 .ARM.attributes
                0x00000579       0x34 C:/ST/STM32CubeIDE_1.17.0/STM32CubeIDE/plugins/com.st.stm32cube.ide.mcu.externaltools.gnu-tools-for-stm32.12.3.rel1.win32_1.1.0.202410251130/tools/bin/../lib/gcc/arm-none-eabi/12.3.1/thumb/v7e-m+fp/hard\libgcc.a(_udivmoddi4.o)
 .ARM.attributes
                0x000005ad       0x22 C:/ST/STM32CubeIDE_1.17.0/STM32CubeIDE/plugins/com.st.stm32cube.ide.mcu.externaltools.gnu-tools-for-stm32.12.3.rel1.win32_1.1.0.202410251130/tools/bin/../lib/gcc/arm-none-eabi/12.3.1/thumb/v7e-m+fp/hard\libgcc.a(_dvmd_tls.o)
 .ARM.attributes
                0x000005cf       0x22 C:/ST/STM32CubeIDE_1.17.0/STM32CubeIDE/plugins/com.st.stm32cube.ide.mcu.externaltools.gnu-tools-for-stm32.12.3.rel1.win32_1.1.0.202410251130/tools/bin/../lib/gcc/arm-none-eabi/12.3.1/thumb/v7e-m+fp/hard/crtn.o
OUTPUT(001Task.elf elf32-littlearm)
LOAD linker stubs
LOAD C:/ST/STM32CubeIDE_1.17.0/STM32CubeIDE/plugins/com.st.stm32cube.ide.mcu.externaltools.gnu-tools-for-stm32.12.3.rel1.win32_1.1.0.202410251130/tools/bin/../lib/gcc/arm-none-eabi/12.3.1/../../../../arm-none-eabi/lib/thumb/v7e-m+fp/hard\libc.a
LOAD C:/ST/STM32CubeIDE_1.17.0/STM32CubeIDE/plugins/com.st.stm32cube.ide.mcu.externaltools.gnu-tools-for-stm32.12.3.rel1.win32_1.1.0.202410251130/tools/bin/../lib/gcc/arm-none-eabi/12.3.1/../../../../arm-none-eabi/lib/thumb/v7e-m+fp/hard\libm.a
LOAD C:/ST/STM32CubeIDE_1.17.0/STM32CubeIDE/plugins/com.st.stm32cube.ide.mcu.externaltools.gnu-tools-for-stm32.12.3.rel1.win32_1.1.0.202410251130/tools/bin/../lib/gcc/arm-none-eabi/12.3.1/thumb/v7e-m+fp/hard\libgcc.a

.debug_info     0x00000000    0x1629e
 .debug_info    0x00000000     0x1be5 ./Core/Src/main.o
 .debug_info    0x00001be5     0x169e ./Core/Src/stm32f4xx_hal_msp.o
 .debug_info    0x00003283      0xb7d ./Core/Src/stm32f4xx_hal_timebase_tim.o
 .debug_info    0x00003e00      0xc02 ./Core/Src/stm32f4xx_it.o
 .debug_info    0x00004a02      0x53e ./Core/Src/system_stm32f4xx.o
 .debug_info    0x00004f40       0x30 ./Core/Startup/startup_stm32f401vctx.o
 .debug_info    0x00004f70      0x8bb ./Drivers/STM32F4xx_HAL_Driver/Src/stm32f4xx_hal.o
 .debug_info    0x0000582b      0xcf6 ./Drivers/STM32F4xx_HAL_Driver/Src/stm32f4xx_hal_cortex.o
 .debug_info    0x00006521      0x6f9 ./Drivers/STM32F4xx_HAL_Driver/Src/stm32f4xx_hal_gpio.o
 .debug_info    0x00006c1a     0x114c ./Drivers/STM32F4xx_HAL_Driver/Src/stm32f4xx_hal_hcd.o
 .debug_info    0x00007d66     0x2426 ./Drivers/STM32F4xx_HAL_Driver/Src/stm32f4xx_hal_i2c.o
 .debug_info    0x0000a18c      0xdfd ./Drivers/STM32F4xx_HAL_Driver/Src/stm32f4xx_hal_i2s.o
 .debug_info    0x0000af89      0xaa4 ./Drivers/STM32F4xx_HAL_Driver/Src/stm32f4xx_hal_i2s_ex.o
 .debug_info    0x0000ba2d      0x8f1 ./Drivers/STM32F4xx_HAL_Driver/Src/stm32f4xx_hal_rcc.o
 .debug_info    0x0000c31e      0x570 ./Drivers/STM32F4xx_HAL_Driver/Src/stm32f4xx_hal_rcc_ex.o
 .debug_info    0x0000c88e     0x1530 ./Drivers/STM32F4xx_HAL_Driver/Src/stm32f4xx_hal_spi.o
 .debug_info    0x0000ddbe     0x2996 ./Drivers/STM32F4xx_HAL_Driver/Src/stm32f4xx_hal_tim.o
 .debug_info    0x00010754     0x14d4 ./Drivers/STM32F4xx_HAL_Driver/Src/stm32f4xx_hal_tim_ex.o
 .debug_info    0x00011c28     0x1993 ./Drivers/STM32F4xx_HAL_Driver/Src/stm32f4xx_ll_usb.o
 .debug_info    0x000135bb      0x2af ./third_party/FreeRTOS/list.o
 .debug_info    0x0001386a     0x207e ./third_party/FreeRTOS/tasks.o
 .debug_info    0x000158e8      0x4e1 ./third_party/FreeRTOS/portable/GCC/ARM_CM4F/port.o
 .debug_info    0x00015dc9      0x4d5 ./third_party/FreeRTOS/portable/MemMang/heap_4.o

.debug_abbrev   0x00000000     0x3426
 .debug_abbrev  0x00000000      0x394 ./Core/Src/main.o
 .debug_abbrev  0x00000394      0x24e ./Core/Src/stm32f4xx_hal_msp.o
 .debug_abbrev  0x000005e2      0x207 ./Core/Src/stm32f4xx_hal_timebase_tim.o
 .debug_abbrev  0x000007e9      0x1d6 ./Core/Src/stm32f4xx_it.o
 .debug_abbrev  0x000009bf      0x11a ./Core/Src/system_stm32f4xx.o
 .debug_abbrev  0x00000ad9       0x24 ./Core/Startup/startup_stm32f401vctx.o
 .debug_abbrev  0x00000afd      0x24b ./Drivers/STM32F4xx_HAL_Driver/Src/stm32f4xx_hal.o
 .debug_abbrev  0x00000d48      0x31d ./Drivers/STM32F4xx_HAL_Driver/Src/stm32f4xx_hal_cortex.o
 .debug_abbrev  0x00001065      0x1d3 ./Drivers/STM32F4xx_HAL_Driver/Src/stm32f4xx_hal_gpio.o
 .debug_abbrev  0x00001238      0x296 ./Drivers/STM32F4xx_HAL_Driver/Src/stm32f4xx_hal_hcd.o
 .debug_abbrev  0x000014ce      0x2bc ./Drivers/STM32F4xx_HAL_Driver/Src/stm32f4xx_hal_i2c.o
 .debug_abbrev  0x0000178a      0x265 ./Drivers/STM32F4xx_HAL_Driver/Src/stm32f4xx_hal_i2s.o
 .debug_abbrev  0x000019ef      0x285 ./Drivers/STM32F4xx_HAL_Driver/Src/stm32f4xx_hal_i2s_ex.o
 .debug_abbrev  0x00001c74      0x2b6 ./Drivers/STM32F4xx_HAL_Driver/Src/stm32f4xx_hal_rcc.o
 .debug_abbrev  0x00001f2a      0x1b0 ./Drivers/STM32F4xx_HAL_Driver/Src/stm32f4xx_hal_rcc_ex.o
 .debug_abbrev  0x000020da      0x276 ./Drivers/STM32F4xx_HAL_Driver/Src/stm32f4xx_hal_spi.o
 .debug_abbrev  0x00002350      0x28b ./Drivers/STM32F4xx_HAL_Driver/Src/stm32f4xx_hal_tim.o
 .debug_abbrev  0x000025db      0x296 ./Drivers/STM32F4xx_HAL_Driver/Src/stm32f4xx_hal_tim_ex.o
 .debug_abbrev  0x00002871      0x2b3 ./Drivers/STM32F4xx_HAL_Driver/Src/stm32f4xx_ll_usb.o
 .debug_abbrev  0x00002b24       0xf5 ./third_party/FreeRTOS/list.o
 .debug_abbrev  0x00002c19      0x395 ./third_party/FreeRTOS/tasks.o
 .debug_abbrev  0x00002fae      0x25a ./third_party/FreeRTOS/portable/GCC/ARM_CM4F/port.o
 .debug_abbrev  0x00003208      0x21e ./third_party/FreeRTOS/portable/MemMang/heap_4.o

.debug_aranges  0x00000000     0x15f8
 .debug_aranges
                0x00000000       0x80 ./Core/Src/main.o
 .debug_aranges
                0x00000080       0x60 ./Core/Src/stm32f4xx_hal_msp.o
 .debug_aranges
                0x000000e0       0x30 ./Core/Src/stm32f4xx_hal_timebase_tim.o
 .debug_aranges
                0x00000110       0x58 ./Core/Src/stm32f4xx_it.o
 .debug_aranges
                0x00000168       0x28 ./Core/Src/system_stm32f4xx.o
 .debug_aranges
                0x00000190       0x28 ./Core/Startup/startup_stm32f401vctx.o
 .debug_aranges
                0x000001b8       0xf0 ./Drivers/STM32F4xx_HAL_Driver/Src/stm32f4xx_hal.o
 .debug_aranges
                0x000002a8      0x130 ./Drivers/STM32F4xx_HAL_Driver/Src/stm32f4xx_hal_cortex.o
 .debug_aranges
                0x000003d8       0x58 ./Drivers/STM32F4xx_HAL_Driver/Src/stm32f4xx_hal_gpio.o
 .debug_aranges
                0x00000430      0x108 ./Drivers/STM32F4xx_HAL_Driver/Src/stm32f4xx_hal_hcd.o
 .debug_aranges
                0x00000538      0x2a8 ./Drivers/STM32F4xx_HAL_Driver/Src/stm32f4xx_hal_i2c.o
 .debug_aranges
                0x000007e0      0x108 ./Drivers/STM32F4xx_HAL_Driver/Src/stm32f4xx_hal_i2s.o
 .debug_aranges
                0x000008e8       0x88 ./Drivers/STM32F4xx_HAL_Driver/Src/stm32f4xx_hal_i2s_ex.o
 .debug_aranges
                0x00000970       0x88 ./Drivers/STM32F4xx_HAL_Driver/Src/stm32f4xx_hal_rcc.o
 .debug_aranges
                0x000009f8       0x48 ./Drivers/STM32F4xx_HAL_Driver/Src/stm32f4xx_hal_rcc_ex.o
 .debug_aranges
                0x00000a40      0x1d0 ./Drivers/STM32F4xx_HAL_Driver/Src/stm32f4xx_hal_spi.o
 .debug_aranges
                0x00000c10      0x3d0 ./Drivers/STM32F4xx_HAL_Driver/Src/stm32f4xx_hal_tim.o
 .debug_aranges
                0x00000fe0      0x168 ./Drivers/STM32F4xx_HAL_Driver/Src/stm32f4xx_hal_tim_ex.o
 .debug_aranges
                0x00001148      0x1a0 ./Drivers/STM32F4xx_HAL_Driver/Src/stm32f4xx_ll_usb.o
 .debug_aranges
                0x000012e8       0x40 ./third_party/FreeRTOS/list.o
 .debug_aranges
                0x00001328      0x1f8 ./third_party/FreeRTOS/tasks.o
 .debug_aranges
                0x00001520       0x80 ./third_party/FreeRTOS/portable/GCC/ARM_CM4F/port.o
 .debug_aranges
                0x000015a0       0x58 ./third_party/FreeRTOS/portable/MemMang/heap_4.o

.debug_rnglists
                0x00000000     0x112c
 .debug_rnglists
                0x00000000       0x5e ./Core/Src/main.o
 .debug_rnglists
                0x0000005e       0x47 ./Core/Src/stm32f4xx_hal_msp.o
 .debug_rnglists
                0x000000a5       0x20 ./Core/Src/stm32f4xx_hal_timebase_tim.o
 .debug_rnglists
                0x000000c5       0x3d ./Core/Src/stm32f4xx_it.o
 .debug_rnglists
                0x00000102       0x1a ./Core/Src/system_stm32f4xx.o
 .debug_rnglists
                0x0000011c       0x19 ./Core/Startup/startup_stm32f401vctx.o
 .debug_rnglists
                0x00000135       0xaf ./Drivers/STM32F4xx_HAL_Driver/Src/stm32f4xx_hal.o
 .debug_rnglists
                0x000001e4       0xe0 ./Drivers/STM32F4xx_HAL_Driver/Src/stm32f4xx_hal_cortex.o
 .debug_rnglists
                0x000002c4       0x3f ./Drivers/STM32F4xx_HAL_Driver/Src/stm32f4xx_hal_gpio.o
 .debug_rnglists
                0x00000303       0xca ./Drivers/STM32F4xx_HAL_Driver/Src/stm32f4xx_hal_hcd.o
 .debug_rnglists
                0x000003cd      0x23c ./Drivers/STM32F4xx_HAL_Driver/Src/stm32f4xx_hal_i2c.o
 .debug_rnglists
                0x00000609       0xcc ./Drivers/STM32F4xx_HAL_Driver/Src/stm32f4xx_hal_i2s.o
 .debug_rnglists
                0x000006d5       0x6a ./Drivers/STM32F4xx_HAL_Driver/Src/stm32f4xx_hal_i2s_ex.o
 .debug_rnglists
                0x0000073f       0x66 ./Drivers/STM32F4xx_HAL_Driver/Src/stm32f4xx_hal_rcc.o
 .debug_rnglists
                0x000007a5       0x35 ./Drivers/STM32F4xx_HAL_Driver/Src/stm32f4xx_hal_rcc_ex.o
 .debug_rnglists
                0x000007da      0x16f ./Drivers/STM32F4xx_HAL_Driver/Src/stm32f4xx_hal_spi.o
 .debug_rnglists
                0x00000949      0x31a ./Drivers/STM32F4xx_HAL_Driver/Src/stm32f4xx_hal_tim.o
 .debug_rnglists
                0x00000c63      0x125 ./Drivers/STM32F4xx_HAL_Driver/Src/stm32f4xx_hal_tim_ex.o
 .debug_rnglists
                0x00000d88      0x147 ./Drivers/STM32F4xx_HAL_Driver/Src/stm32f4xx_ll_usb.o
 .debug_rnglists
                0x00000ecf       0x2b ./third_party/FreeRTOS/list.o
 .debug_rnglists
                0x00000efa      0x193 ./third_party/FreeRTOS/tasks.o
 .debug_rnglists
                0x0000108d       0x5d ./third_party/FreeRTOS/portable/GCC/ARM_CM4F/port.o
 .debug_rnglists
                0x000010ea       0x42 ./third_party/FreeRTOS/portable/MemMang/heap_4.o

.debug_macro    0x00000000    0x181e1
 .debug_macro   0x00000000      0x290 ./Core/Src/main.o
 .debug_macro   0x00000290      0xab4 ./Core/Src/main.o
 .debug_macro   0x00000d44      0x2ad ./Core/Src/main.o
 .debug_macro   0x00000ff1       0x2e ./Core/Src/main.o
 .debug_macro   0x0000101f       0x28 ./Core/Src/main.o
 .debug_macro   0x00001047       0x22 ./Core/Src/main.o
 .debug_macro   0x00001069       0x8e ./Core/Src/main.o
 .debug_macro   0x000010f7       0x51 ./Core/Src/main.o
 .debug_macro   0x00001148      0x103 ./Core/Src/main.o
 .debug_macro   0x0000124b       0x6a ./Core/Src/main.o
 .debug_macro   0x000012b5      0x1df ./Core/Src/main.o
 .debug_macro   0x00001494       0x1c ./Core/Src/main.o
 .debug_macro   0x000014b0       0x22 ./Core/Src/main.o
 .debug_macro   0x000014d2       0xfb ./Core/Src/main.o
 .debug_macro   0x000015cd     0x1011 ./Core/Src/main.o
 .debug_macro   0x000025de      0x11f ./Core/Src/main.o
 .debug_macro   0x000026fd     0xb86c ./Core/Src/main.o
 .debug_macro   0x0000df69       0x6d ./Core/Src/main.o
 .debug_macro   0x0000dfd6     0x369a ./Core/Src/main.o
 .debug_macro   0x00011670      0x189 ./Core/Src/main.o
 .debug_macro   0x000117f9       0x5c ./Core/Src/main.o
 .debug_macro   0x00011855      0x416 ./Core/Src/main.o
 .debug_macro   0x00011c6b      0x9e9 ./Core/Src/main.o
 .debug_macro   0x00012654      0x115 ./Core/Src/main.o
 .debug_macro   0x00012769       0xf8 ./Core/Src/main.o
 .debug_macro   0x00012861       0xa5 ./Core/Src/main.o
 .debug_macro   0x00012906      0x15f ./Core/Src/main.o
 .debug_macro   0x00012a65      0x287 ./Core/Src/main.o
 .debug_macro   0x00012cec       0x5f ./Core/Src/main.o
 .debug_macro   0x00012d4b      0x236 ./Core/Src/main.o
 .debug_macro   0x00012f81      0x132 ./Core/Src/main.o
 .debug_macro   0x000130b3      0x23a ./Core/Src/main.o
 .debug_macro   0x000132ed       0x2e ./Core/Src/main.o
 .debug_macro   0x0001331b      0x1b5 ./Core/Src/main.o
 .debug_macro   0x000134d0       0x22 ./Core/Src/main.o
 .debug_macro   0x000134f2       0xd6 ./Core/Src/main.o
 .debug_macro   0x000135c8      0x1a7 ./Core/Src/main.o
 .debug_macro   0x0001376f       0x46 ./Core/Src/main.o
 .debug_macro   0x000137b5       0x4a ./Core/Src/main.o
 .debug_macro   0x000137ff      0x127 ./Core/Src/main.o
 .debug_macro   0x00013926       0x85 ./Core/Src/main.o
 .debug_macro   0x000139ab       0x89 ./Core/Src/main.o
 .debug_macro   0x00013a34      0x225 ./Core/Src/main.o
 .debug_macro   0x00013c59      0x8ed ./Core/Src/main.o
 .debug_macro   0x00014546       0x47 ./Core/Src/main.o
 .debug_macro   0x0001458d      0x293 ./Core/Src/main.o
 .debug_macro   0x00014820       0x98 ./Core/Src/main.o
 .debug_macro   0x000148b8      0x126 ./Core/Src/main.o
 .debug_macro   0x000149de      0x184 ./Core/Src/main.o
 .debug_macro   0x00014b62      0x106 ./Core/Src/main.o
 .debug_macro   0x00014c68      0x15a ./Core/Src/main.o
 .debug_macro   0x00014dc2       0xea ./Core/Src/main.o
 .debug_macro   0x00014eac       0x1c ./Core/Src/main.o
 .debug_macro   0x00014ec8       0x26 ./Core/Src/main.o
 .debug_macro   0x00014eee      0x4fd ./Core/Src/main.o
 .debug_macro   0x000153eb       0xb5 ./Core/Src/main.o
 .debug_macro   0x000154a0      0x120 ./Core/Src/main.o
 .debug_macro   0x000155c0      0x228 ./Core/Src/stm32f4xx_hal_msp.o
 .debug_macro   0x000157e8      0x219 ./Core/Src/stm32f4xx_hal_timebase_tim.o
 .debug_macro   0x00015a01      0x232 ./Core/Src/stm32f4xx_it.o
 .debug_macro   0x00015c33      0x219 ./Core/Src/system_stm32f4xx.o
 .debug_macro   0x00015e4c      0x279 ./Drivers/STM32F4xx_HAL_Driver/Src/stm32f4xx_hal.o
 .debug_macro   0x000160c5      0x219 ./Drivers/STM32F4xx_HAL_Driver/Src/stm32f4xx_hal_cortex.o
 .debug_macro   0x000162de      0x21f ./Drivers/STM32F4xx_HAL_Driver/Src/stm32f4xx_hal_gpio.o
 .debug_macro   0x000164fd      0x219 ./Drivers/STM32F4xx_HAL_Driver/Src/stm32f4xx_hal_hcd.o
 .debug_macro   0x00016716      0x267 ./Drivers/STM32F4xx_HAL_Driver/Src/stm32f4xx_hal_i2c.o
 .debug_macro   0x0001697d      0x221 ./Drivers/STM32F4xx_HAL_Driver/Src/stm32f4xx_hal_i2s.o
 .debug_macro   0x00016b9e      0x219 ./Drivers/STM32F4xx_HAL_Driver/Src/stm32f4xx_hal_i2s_ex.o
 .debug_macro   0x00016db7      0x23d ./Drivers/STM32F4xx_HAL_Driver/Src/stm32f4xx_hal_rcc.o
 .debug_macro   0x00016ff4      0x219 ./Drivers/STM32F4xx_HAL_Driver/Src/stm32f4xx_hal_rcc_ex.o
 .debug_macro   0x0001720d      0x228 ./Drivers/STM32F4xx_HAL_Driver/Src/stm32f4xx_hal_spi.o
 .debug_macro   0x00017435      0x21a ./Drivers/STM32F4xx_HAL_Driver/Src/stm32f4xx_hal_tim.o
 .debug_macro   0x0001764f      0x219 ./Drivers/STM32F4xx_HAL_Driver/Src/stm32f4xx_hal_tim_ex.o
 .debug_macro   0x00017868      0x219 ./Drivers/STM32F4xx_HAL_Driver/Src/stm32f4xx_ll_usb.o
 .debug_macro   0x00017a81      0x193 ./third_party/FreeRTOS/list.o
 .debug_macro   0x00017c14      0x279 ./third_party/FreeRTOS/tasks.o
 .debug_macro   0x00017e8d       0x10 ./third_party/FreeRTOS/tasks.o
 .debug_macro   0x00017e9d      0x196 ./third_party/FreeRTOS/portable/GCC/ARM_CM4F/port.o
 .debug_macro   0x00018033      0x1ae ./third_party/FreeRTOS/portable/MemMang/heap_4.o

.debug_line     0x00000000    0x1aca2
 .debug_line    0x00000000      0xbee ./Core/Src/main.o
 .debug_line    0x00000bee      0x96b ./Core/Src/stm32f4xx_hal_msp.o
 .debug_line    0x00001559      0x850 ./Core/Src/stm32f4xx_hal_timebase_tim.o
 .debug_line    0x00001da9      0x889 ./Core/Src/stm32f4xx_it.o
 .debug_line    0x00002632      0x859 ./Core/Src/system_stm32f4xx.o
 .debug_line    0x00002e8b       0x7a ./Core/Startup/startup_stm32f401vctx.o
 .debug_line    0x00002f05      0xac2 ./Drivers/STM32F4xx_HAL_Driver/Src/stm32f4xx_hal.o
 .debug_line    0x000039c7      0xdb4 ./Drivers/STM32F4xx_HAL_Driver/Src/stm32f4xx_hal_cortex.o
 .debug_line    0x0000477b      0xc12 ./Drivers/STM32F4xx_HAL_Driver/Src/stm32f4xx_hal_gpio.o
 .debug_line    0x0000538d     0x1583 ./Drivers/STM32F4xx_HAL_Driver/Src/stm32f4xx_hal_hcd.o
 .debug_line    0x00006910     0x3c08 ./Drivers/STM32F4xx_HAL_Driver/Src/stm32f4xx_hal_i2c.o
 .debug_line    0x0000a518     0x14b6 ./Drivers/STM32F4xx_HAL_Driver/Src/stm32f4xx_hal_i2s.o
 .debug_line    0x0000b9ce     0x14eb ./Drivers/STM32F4xx_HAL_Driver/Src/stm32f4xx_hal_i2s_ex.o
 .debug_line    0x0000ceb9      0xe4d ./Drivers/STM32F4xx_HAL_Driver/Src/stm32f4xx_hal_rcc.o
 .debug_line    0x0000dd06      0xaf0 ./Drivers/STM32F4xx_HAL_Driver/Src/stm32f4xx_hal_rcc_ex.o
 .debug_line    0x0000e7f6     0x1de0 ./Drivers/STM32F4xx_HAL_Driver/Src/stm32f4xx_hal_spi.o
 .debug_line    0x000105d6     0x3640 ./Drivers/STM32F4xx_HAL_Driver/Src/stm32f4xx_hal_tim.o
 .debug_line    0x00013c16     0x1a53 ./Drivers/STM32F4xx_HAL_Driver/Src/stm32f4xx_hal_tim_ex.o
 .debug_line    0x00015669     0x1e41 ./Drivers/STM32F4xx_HAL_Driver/Src/stm32f4xx_ll_usb.o
 .debug_line    0x000174aa      0x7d5 ./third_party/FreeRTOS/list.o
 .debug_line    0x00017c7f     0x1d49 ./third_party/FreeRTOS/tasks.o
 .debug_line    0x000199c8      0x8b9 ./third_party/FreeRTOS/portable/GCC/ARM_CM4F/port.o
 .debug_line    0x0001a281      0xa21 ./third_party/FreeRTOS/portable/MemMang/heap_4.o

.debug_str      0x00000000    0x9a0e4
 .debug_str     0x00000000    0x8fdc7 ./Core/Src/main.o
                              0x901cd (size before relaxing)
 .debug_str     0x0008fdc7      0x4a0 ./Core/Src/stm32f4xx_hal_msp.o
                              0x8b40b (size before relaxing)
 .debug_str     0x00090267      0x107 ./Core/Src/stm32f4xx_hal_timebase_tim.o
                              0x8a703 (size before relaxing)
 .debug_str     0x0009036e       0xda ./Core/Src/stm32f4xx_it.o
                              0x8ac06 (size before relaxing)
 .debug_str     0x00090448       0xdb ./Core/Src/system_stm32f4xx.o
                              0x89d6e (size before relaxing)
 .debug_str     0x00090523       0x44 ./Core/Startup/startup_stm32f401vctx.o
                                 0x73 (size before relaxing)
 .debug_str     0x00090567      0x5c9 ./Drivers/STM32F4xx_HAL_Driver/Src/stm32f4xx_hal.o
                              0x8a790 (size before relaxing)
 .debug_str     0x00090b30      0x36b ./Drivers/STM32F4xx_HAL_Driver/Src/stm32f4xx_hal_cortex.o
                              0x8a4fa (size before relaxing)
 .debug_str     0x00090e9b      0x121 ./Drivers/STM32F4xx_HAL_Driver/Src/stm32f4xx_hal_gpio.o
                              0x89ee9 (size before relaxing)
 .debug_str     0x00090fbc      0x5b3 ./Drivers/STM32F4xx_HAL_Driver/Src/stm32f4xx_hal_hcd.o
                              0x8a644 (size before relaxing)
 .debug_str     0x0009156f      0xb1e ./Drivers/STM32F4xx_HAL_Driver/Src/stm32f4xx_hal_i2c.o
                              0x8ad7f (size before relaxing)
 .debug_str     0x0009208d      0x2b8 ./Drivers/STM32F4xx_HAL_Driver/Src/stm32f4xx_hal_i2s.o
                              0x8a34d (size before relaxing)
 .debug_str     0x00092345      0x1d1 ./Drivers/STM32F4xx_HAL_Driver/Src/stm32f4xx_hal_i2s_ex.o
                              0x8a248 (size before relaxing)
 .debug_str     0x00092516      0x1f2 ./Drivers/STM32F4xx_HAL_Driver/Src/stm32f4xx_hal_rcc.o
                              0x8a1a2 (size before relaxing)
 .debug_str     0x00092708       0xde ./Drivers/STM32F4xx_HAL_Driver/Src/stm32f4xx_hal_rcc_ex.o
                              0x89ed1 (size before relaxing)
 .debug_str     0x000927e6      0x52d ./Drivers/STM32F4xx_HAL_Driver/Src/stm32f4xx_hal_spi.o
                              0x8a61a (size before relaxing)
 .debug_str     0x00092d13      0xe41 ./Drivers/STM32F4xx_HAL_Driver/Src/stm32f4xx_hal_tim.o
                              0x8b0e6 (size before relaxing)
 .debug_str     0x00093b54      0x503 ./Drivers/STM32F4xx_HAL_Driver/Src/stm32f4xx_hal_tim_ex.o
                              0x8a8f2 (size before relaxing)
 .debug_str     0x00094057      0x513 ./Drivers/STM32F4xx_HAL_Driver/Src/stm32f4xx_ll_usb.o
                              0x8a715 (size before relaxing)
 .debug_str     0x0009456a     0x3331 ./third_party/FreeRTOS/list.o
                               0xaccb (size before relaxing)
 .debug_str     0x0009789b     0x1dc7 ./third_party/FreeRTOS/tasks.o
                               0xddbf (size before relaxing)
 .debug_str     0x00099662      0x768 ./third_party/FreeRTOS/portable/GCC/ARM_CM4F/port.o
                               0x948f (size before relaxing)
 .debug_str     0x00099dca      0x31a ./third_party/FreeRTOS/portable/MemMang/heap_4.o
                               0xc194 (size before relaxing)

.comment        0x00000000       0x43
 .comment       0x00000000       0x43 ./Core/Src/main.o
                                 0x44 (size before relaxing)
 .comment       0x00000043       0x44 ./Core/Src/stm32f4xx_hal_msp.o
 .comment       0x00000043       0x44 ./Core/Src/stm32f4xx_hal_timebase_tim.o
 .comment       0x00000043       0x44 ./Core/Src/stm32f4xx_it.o
 .comment       0x00000043       0x44 ./Core/Src/system_stm32f4xx.o
 .comment       0x00000043       0x44 ./Drivers/STM32F4xx_HAL_Driver/Src/stm32f4xx_hal.o
 .comment       0x00000043       0x44 ./Drivers/STM32F4xx_HAL_Driver/Src/stm32f4xx_hal_cortex.o
 .comment       0x00000043       0x44 ./Drivers/STM32F4xx_HAL_Driver/Src/stm32f4xx_hal_gpio.o
 .comment       0x00000043       0x44 ./Drivers/STM32F4xx_HAL_Driver/Src/stm32f4xx_hal_hcd.o
 .comment       0x00000043       0x44 ./Drivers/STM32F4xx_HAL_Driver/Src/stm32f4xx_hal_i2c.o
 .comment       0x00000043       0x44 ./Drivers/STM32F4xx_HAL_Driver/Src/stm32f4xx_hal_i2s.o
 .comment       0x00000043       0x44 ./Drivers/STM32F4xx_HAL_Driver/Src/stm32f4xx_hal_i2s_ex.o
 .comment       0x00000043       0x44 ./Drivers/STM32F4xx_HAL_Driver/Src/stm32f4xx_hal_rcc.o
 .comment       0x00000043       0x44 ./Drivers/STM32F4xx_HAL_Driver/Src/stm32f4xx_hal_rcc_ex.o
 .comment       0x00000043       0x44 ./Drivers/STM32F4xx_HAL_Driver/Src/stm32f4xx_hal_spi.o
 .comment       0x00000043       0x44 ./Drivers/STM32F4xx_HAL_Driver/Src/stm32f4xx_hal_tim.o
 .comment       0x00000043       0x44 ./Drivers/STM32F4xx_HAL_Driver/Src/stm32f4xx_hal_tim_ex.o
 .comment       0x00000043       0x44 ./Drivers/STM32F4xx_HAL_Driver/Src/stm32f4xx_ll_usb.o
 .comment       0x00000043       0x44 ./third_party/FreeRTOS/list.o
 .comment       0x00000043       0x44 ./third_party/FreeRTOS/tasks.o
 .comment       0x00000043       0x44 ./third_party/FreeRTOS/portable/GCC/ARM_CM4F/port.o
 .comment       0x00000043       0x44 ./third_party/FreeRTOS/portable/MemMang/heap_4.o

.debug_frame    0x00000000     0x5dd8
 .debug_frame   0x00000000      0x1a4 ./Core/Src/main.o
 .debug_frame   0x000001a4      0x158 ./Core/Src/stm32f4xx_hal_msp.o
 .debug_frame   0x000002fc       0x74 ./Core/Src/stm32f4xx_hal_timebase_tim.o
 .debug_frame   0x00000370       0xe0 ./Core/Src/stm32f4xx_it.o
 .debug_frame   0x00000450       0x58 ./Core/Src/system_stm32f4xx.o
 .debug_frame   0x000004a8      0x374 ./Drivers/STM32F4xx_HAL_Driver/Src/stm32f4xx_hal.o
 .debug_frame   0x0000081c      0x508 ./Drivers/STM32F4xx_HAL_Driver/Src/stm32f4xx_hal_cortex.o
 .debug_frame   0x00000d24      0x14c ./Drivers/STM32F4xx_HAL_Driver/Src/stm32f4xx_hal_gpio.o
 .debug_frame   0x00000e70      0x498 ./Drivers/STM32F4xx_HAL_Driver/Src/stm32f4xx_hal_hcd.o
 .debug_frame   0x00001308      0xc84 ./Drivers/STM32F4xx_HAL_Driver/Src/stm32f4xx_hal_i2c.o
 .debug_frame   0x00001f8c      0x484 ./Drivers/STM32F4xx_HAL_Driver/Src/stm32f4xx_hal_i2s.o
 .debug_frame   0x00002410      0x220 ./Drivers/STM32F4xx_HAL_Driver/Src/stm32f4xx_hal_i2s_ex.o
 .debug_frame   0x00002630      0x1f4 ./Drivers/STM32F4xx_HAL_Driver/Src/stm32f4xx_hal_rcc.o
 .debug_frame   0x00002824       0xf0 ./Drivers/STM32F4xx_HAL_Driver/Src/stm32f4xx_hal_rcc_ex.o
 .debug_frame   0x00002914      0x828 ./Drivers/STM32F4xx_HAL_Driver/Src/stm32f4xx_hal_spi.o
 .debug_frame   0x0000313c     0x11b8 ./Drivers/STM32F4xx_HAL_Driver/Src/stm32f4xx_hal_tim.o
 .debug_frame   0x000042f4      0x638 ./Drivers/STM32F4xx_HAL_Driver/Src/stm32f4xx_hal_tim_ex.o
 .debug_frame   0x0000492c      0x7c0 ./Drivers/STM32F4xx_HAL_Driver/Src/stm32f4xx_ll_usb.o
 .debug_frame   0x000050ec       0xd8 ./third_party/FreeRTOS/list.o
 .debug_frame   0x000051c4      0x894 ./third_party/FreeRTOS/tasks.o
 .debug_frame   0x00005a58      0x1a8 ./third_party/FreeRTOS/portable/GCC/ARM_CM4F/port.o
 .debug_frame   0x00005c00      0x12c ./third_party/FreeRTOS/portable/MemMang/heap_4.o
 .debug_frame   0x00005d2c       0x20 C:/ST/STM32CubeIDE_1.17.0/STM32CubeIDE/plugins/com.st.stm32cube.ide.mcu.externaltools.gnu-tools-for-stm32.12.3.rel1.win32_1.1.0.202410251130/tools/bin/../lib/gcc/arm-none-eabi/12.3.1/../../../../arm-none-eabi/lib/thumb/v7e-m+fp/hard\libc_nano.a(libc_a-memset.o)
 .debug_frame   0x00005d4c       0x2c C:/ST/STM32CubeIDE_1.17.0/STM32CubeIDE/plugins/com.st.stm32cube.ide.mcu.externaltools.gnu-tools-for-stm32.12.3.rel1.win32_1.1.0.202410251130/tools/bin/../lib/gcc/arm-none-eabi/12.3.1/../../../../arm-none-eabi/lib/thumb/v7e-m+fp/hard\libc_nano.a(libc_a-init.o)
 .debug_frame   0x00005d78       0x2c C:/ST/STM32CubeIDE_1.17.0/STM32CubeIDE/plugins/com.st.stm32cube.ide.mcu.externaltools.gnu-tools-for-stm32.12.3.rel1.win32_1.1.0.202410251130/tools/bin/../lib/gcc/arm-none-eabi/12.3.1/thumb/v7e-m+fp/hard\libgcc.a(_aeabi_uldivmod.o)
 .debug_frame   0x00005da4       0x34 C:/ST/STM32CubeIDE_1.17.0/STM32CubeIDE/plugins/com.st.stm32cube.ide.mcu.externaltools.gnu-tools-for-stm32.12.3.rel1.win32_1.1.0.202410251130/tools/bin/../lib/gcc/arm-none-eabi/12.3.1/thumb/v7e-m+fp/hard\libgcc.a(_udivmoddi4.o)

.debug_line_str
                0x00000000       0x57
 .debug_line_str
                0x00000000       0x57 ./Core/Startup/startup_stm32f401vctx.o
